Archive member included to satisfy reference by file (symbol)

c:/dev/gnu tools arm embedded/5.4 2016q3/bin/../lib/gcc/arm-none-eabi/5.4.1/armv6-m\libgcc.a(_udivsi3.o)
                              ./system/src/stm32f0-hal/stm32f0xx_hal.o (__aeabi_uidiv)
c:/dev/gnu tools arm embedded/5.4 2016q3/bin/../lib/gcc/arm-none-eabi/5.4.1/armv6-m\libgcc.a(_dvmd_tls.o)
                              c:/dev/gnu tools arm embedded/5.4 2016q3/bin/../lib/gcc/arm-none-eabi/5.4.1/armv6-m\libgcc.a(_udivsi3.o) (__aeabi_idiv0)
c:/dev/gnu tools arm embedded/5.4 2016q3/bin/../lib/gcc/arm-none-eabi/5.4.1/armv6-m\libgcc.a(_fixunssfsi.o)
                              ./src/main.o (__aeabi_f2uiz)
c:/dev/gnu tools arm embedded/5.4 2016q3/bin/../lib/gcc/arm-none-eabi/5.4.1/armv6-m\libgcc.a(divsf3.o)
                              ./src/main.o (__aeabi_fdiv)
c:/dev/gnu tools arm embedded/5.4 2016q3/bin/../lib/gcc/arm-none-eabi/5.4.1/armv6-m\libgcc.a(mulsf3.o)
                              ./src/main.o (__aeabi_fmul)
c:/dev/gnu tools arm embedded/5.4 2016q3/bin/../lib/gcc/arm-none-eabi/5.4.1/armv6-m\libgcc.a(subsf3.o)
                              c:/dev/gnu tools arm embedded/5.4 2016q3/bin/../lib/gcc/arm-none-eabi/5.4.1/armv6-m\libgcc.a(_fixunssfsi.o) (__aeabi_fsub)
c:/dev/gnu tools arm embedded/5.4 2016q3/bin/../lib/gcc/arm-none-eabi/5.4.1/armv6-m\libgcc.a(fixsfsi.o)
                              c:/dev/gnu tools arm embedded/5.4 2016q3/bin/../lib/gcc/arm-none-eabi/5.4.1/armv6-m\libgcc.a(_fixunssfsi.o) (__aeabi_f2iz)
c:/dev/gnu tools arm embedded/5.4 2016q3/bin/../lib/gcc/arm-none-eabi/5.4.1/armv6-m\libgcc.a(floatunsisf.o)
                              ./src/main.o (__aeabi_ui2f)
c:/dev/gnu tools arm embedded/5.4 2016q3/bin/../lib/gcc/arm-none-eabi/5.4.1/armv6-m\libgcc.a(extendsfdf2.o)
                              ./src/main.o (__aeabi_f2d)
c:/dev/gnu tools arm embedded/5.4 2016q3/bin/../lib/gcc/arm-none-eabi/5.4.1/armv6-m\libgcc.a(_arm_cmpsf2.o)
                              c:/dev/gnu tools arm embedded/5.4 2016q3/bin/../lib/gcc/arm-none-eabi/5.4.1/armv6-m\libgcc.a(_fixunssfsi.o) (__aeabi_fcmpge)
c:/dev/gnu tools arm embedded/5.4 2016q3/bin/../lib/gcc/arm-none-eabi/5.4.1/armv6-m\libgcc.a(_clzsi2.o)
                              c:/dev/gnu tools arm embedded/5.4 2016q3/bin/../lib/gcc/arm-none-eabi/5.4.1/armv6-m\libgcc.a(divsf3.o) (__clzsi2)
c:/dev/gnu tools arm embedded/5.4 2016q3/bin/../lib/gcc/arm-none-eabi/5.4.1/armv6-m\libgcc.a(eqsf2.o)
                              c:/dev/gnu tools arm embedded/5.4 2016q3/bin/../lib/gcc/arm-none-eabi/5.4.1/armv6-m\libgcc.a(_arm_cmpsf2.o) (__eqsf2)
c:/dev/gnu tools arm embedded/5.4 2016q3/bin/../lib/gcc/arm-none-eabi/5.4.1/armv6-m\libgcc.a(gesf2.o)
                              c:/dev/gnu tools arm embedded/5.4 2016q3/bin/../lib/gcc/arm-none-eabi/5.4.1/armv6-m\libgcc.a(_arm_cmpsf2.o) (__gesf2)
c:/dev/gnu tools arm embedded/5.4 2016q3/bin/../lib/gcc/arm-none-eabi/5.4.1/armv6-m\libgcc.a(lesf2.o)
                              c:/dev/gnu tools arm embedded/5.4 2016q3/bin/../lib/gcc/arm-none-eabi/5.4.1/armv6-m\libgcc.a(_arm_cmpsf2.o) (__lesf2)
c:/dev/gnu tools arm embedded/5.4 2016q3/bin/../lib/gcc/arm-none-eabi/5.4.1/../../../../arm-none-eabi/lib/armv6-m\libg_nano.a(lib_a-errno.o)
                              ./system/src/newlib/sbrk.o (__errno)
c:/dev/gnu tools arm embedded/5.4 2016q3/bin/../lib/gcc/arm-none-eabi/5.4.1/../../../../arm-none-eabi/lib/armv6-m\libg_nano.a(lib_a-impure.o)
                              c:/dev/gnu tools arm embedded/5.4 2016q3/bin/../lib/gcc/arm-none-eabi/5.4.1/../../../../arm-none-eabi/lib/armv6-m\libg_nano.a(lib_a-errno.o) (_impure_ptr)
c:/dev/gnu tools arm embedded/5.4 2016q3/bin/../lib/gcc/arm-none-eabi/5.4.1/../../../../arm-none-eabi/lib/armv6-m\libg_nano.a(lib_a-memcpy-stub.o)
                              ./system/src/stm32f0-hal/stm32f0xx_hal_rcc.o (memcpy)
c:/dev/gnu tools arm embedded/5.4 2016q3/bin/../lib/gcc/arm-none-eabi/5.4.1/../../../../arm-none-eabi/lib/armv6-m\libg_nano.a(lib_a-nano-vfprintf_float.o)
                              (_printf_float)
c:/dev/gnu tools arm embedded/5.4 2016q3/bin/../lib/gcc/arm-none-eabi/5.4.1/../../../../arm-none-eabi/lib/armv6-m\libg_nano.a(lib_a-nano-vfprintf_i.o)
                              c:/dev/gnu tools arm embedded/5.4 2016q3/bin/../lib/gcc/arm-none-eabi/5.4.1/../../../../arm-none-eabi/lib/armv6-m\libg_nano.a(lib_a-nano-vfprintf_float.o) (_printf_common)
c:/dev/gnu tools arm embedded/5.4 2016q3/bin/../lib/gcc/arm-none-eabi/5.4.1/../../../../arm-none-eabi/lib/armv6-m\libg_nano.a(lib_a-snprintf.o)
                              ./src/main.o (snprintf)
c:/dev/gnu tools arm embedded/5.4 2016q3/bin/../lib/gcc/arm-none-eabi/5.4.1/../../../../arm-none-eabi/lib/armv6-m\libg_nano.a(lib_a-strlen.o)
                              ./system/src/diag/trace.o (strlen)
c:/dev/gnu tools arm embedded/5.4 2016q3/bin/../lib/gcc/arm-none-eabi/5.4.1/../../../../arm-none-eabi/lib/armv6-m\libg_nano.a(lib_a-vsnprintf.o)
[...]
Memory Configuration

Name             Origin             Length             Attributes
RAM              0x20000000         0x00002000         xrw
CCMRAM           0x00000000         0x00000000         xrw
FLASH            0x08000000         0x00010000         xr
FLASHB1          0x00000000         0x00000000         xr
EXTMEMB0         0x00000000         0x00000000         xr
EXTMEMB1         0x00000000         0x00000000         xr
EXTMEMB2         0x00000000         0x00000000         xr
EXTMEMB3         0x00000000         0x00000000         xr
MEMORY_ARRAY     0x00000000         0x00000000         xrw
*default*        0x00000000         0xffffffff

Linker script and memory map

LOAD ./system/src/stm32f0-hal/stm32f0xx_hal.o
LOAD ./system/src/stm32f0-hal/stm32f0xx_hal_cortex.o
LOAD ./system/src/stm32f0-hal/stm32f0xx_hal_flash.o
LOAD ./system/src/stm32f0-hal/stm32f0xx_hal_flash_ex.o
LOAD ./system/src/stm32f0-hal/stm32f0xx_hal_gpio.o
LOAD ./system/src/stm32f0-hal/stm32f0xx_hal_iwdg.o
LOAD ./system/src/stm32f0-hal/stm32f0xx_hal_pwr.o
LOAD ./system/src/stm32f0-hal/stm32f0xx_hal_rcc.o
LOAD ./system/src/stm32f0-hal/stm32f0xx_hal_spi.o
LOAD ./system/src/stm32f0-hal/stm32f0xx_hal_tsc.o
LOAD ./system/src/newlib/assert.o
LOAD ./system/src/newlib/cxx.o
LOAD ./system/src/newlib/exit.o
LOAD ./system/src/newlib/sbrk.o
LOAD ./system/src/newlib/startup.o
LOAD ./system/src/newlib/syscalls.o
LOAD ./system/src/diag/trace-impl.o
LOAD ./system/src/diag/trace.o
LOAD ./system/src/cortexm/exception-handlers.o
LOAD ./system/src/cortexm/initialize-hardware.o
LOAD ./system/src/cortexm/reset-hardware.o
LOAD ./system/src/cmsis/system_stm32f0xx.o
LOAD ./system/src/cmsis/vectors_stm32f051x8.o
LOAD ./src/initialize-hardware.o
LOAD ./src/main.o
LOAD ./src/stm32f0xx_hal_msp.o
LOAD ./src/write.o
LOAD c:/dev/gnu tools arm embedded/5.4 2016q3/bin/../lib/gcc/arm-none-eabi/5.4.1/../../../../arm-none-eabi/lib/armv6-m\libstdc++_nano.a
LOAD c:/dev/gnu tools arm embedded/5.4 2016q3/bin/../lib/gcc/arm-none-eabi/5.4.1/../../../../arm-none-eabi/lib/armv6-m\libm.a
START GROUP
LOAD c:/dev/gnu tools arm embedded/5.4 2016q3/bin/../lib/gcc/arm-none-eabi/5.4.1/armv6-m\libgcc.a
LOAD c:/dev/gnu tools arm embedded/5.4 2016q3/bin/../lib/gcc/arm-none-eabi/5.4.1/../../../../arm-none-eabi/lib/armv6-m\libg_nano.a
LOAD c:/dev/gnu tools arm embedded/5.4 2016q3/bin/../lib/gcc/arm-none-eabi/5.4.1/../../../../arm-none-eabi/lib/armv6-m\libc_nano.a
END GROUP
START GROUP
LOAD c:/dev/gnu tools arm embedded/5.4 2016q3/bin/../lib/gcc/arm-none-eabi/5.4.1/armv6-m\libgcc.a
LOAD c:/dev/gnu tools arm embedded/5.4 2016q3/bin/../lib/gcc/arm-none-eabi/5.4.1/../../../../arm-none-eabi/lib/armv6-m\libc_nano.a
END GROUP
                0x20002000                __stack = (ORIGIN (RAM) + LENGTH (RAM))
                0x20002000                _estack = __stack
                0x00000400                __Main_Stack_Size = 0x400
                [!provide]                PROVIDE (_Main_Stack_Size, __Main_Stack_Size)
                0x20001c00                __Main_Stack_Limit = (__stack - __Main_Stack_Size)
                [!provide]                PROVIDE (_Main_Stack_Limit, __Main_Stack_Limit)
                0x00000100                _Minimum_Stack_Size = 0x100
                0x20000728                PROVIDE (_Heap_Begin, _end_noinit)
                0x20001c00                PROVIDE (_Heap_Limit, (__stack - __Main_Stack_Size))

.isr_vector     0x08000000      0x228
 FILL mask 0xff
                0x08000000                __vectors_start = ABSOLUTE (.)
                0x08000000                __vectors_start__ = ABSOLUTE (.)
 *(.isr_vector)
 .isr_vector    0x08000000       0xbc ./system/src/cmsis/vectors_stm32f051x8.o
                0x08000000                __isr_vectors
 *(.cfmconfig)
 *(.after_vectors .after_vectors.*)
 .after_vectors
                0x080000bc      0x118 ./system/src/newlib/startup.o
                0x080000bc                _start
 .after_vectors
                0x080001d4       0x50 ./system/src/cortexm/exception-handlers.o
                0x080001d4                Reset_Handler
                0x080001dc                NMI_Handler
                0x080001e0                HardFault_Handler
                0x080001f8                HardFault_Handler_C
                0x08000214                SVC_Handler
                0x08000218                PendSV_Handler
                0x0800021c                SysTick_Handler
 .after_vectors
                0x08000224        0x4 ./system/src/cmsis/vectors_stm32f051x8.o
                0x08000224                TIM1_CC_IRQHandler
                0x08000224                TSC_IRQHandler
                0x08000224                ADC1_COMP_IRQHandler
                0x08000224                PVD_IRQHandler
                0x08000224                I2C1_IRQHandler
                0x08000224                SPI1_IRQHandler
                0x08000224                TIM6_DAC_IRQHandler
                0x08000224                I2C2_IRQHandler
                0x08000224                TIM17_IRQHandler
                0x08000224                RTC_IRQHandler
                0x08000224                TIM16_IRQHandler
                0x08000224                TIM3_IRQHandler
                0x08000224                RCC_IRQHandler
                0x08000224                EXTI4_15_IRQHandler
                0x08000224                DMA1_Channel1_IRQHandler
                0x08000224                Default_Handler
                0x08000224                CEC_IRQHandler
                0x08000224                TIM14_IRQHandler
                0x08000224                DMA1_Channel4_5_IRQHandler
                0x08000224                TIM15_IRQHandler
                0x08000224                SPI2_IRQHandler
                0x08000224                WWDG_IRQHandler
                0x08000224                DMA1_Channel2_3_IRQHandler
                0x08000224                USART2_IRQHandler
                0x08000224                FLASH_IRQHandler
                0x08000224                USART1_IRQHandler
                0x08000224                TIM1_BRK_UP_TRG_COM_IRQHandler

.inits          0x08000228       0x28
                0x08000228                __data_regions_array_start = .
                0x08000228        0x4 LONG 0x80066d8 LOADADDR (.data)
                0x0800022c        0x4 LONG 0x20000000 ADDR (.data)
                0x08000230        0x4 LONG 0x20000610 (ADDR (.data) + SIZEOF (.data))
                0x08000234        0x4 LONG 0x80066d8 LOADADDR (.data_CCMRAM)
                0x08000238        0x4 LONG 0x0 ADDR (.data_CCMRAM)
                0x0800023c        0x4 LONG 0x0 (ADDR (.data_CCMRAM) + SIZEOF (.data_CCMRAM))
                0x08000240                __data_regions_array_end = .
                0x08000240                __bss_regions_array_start = .
                0x08000240        0x4 LONG 0x20000610 ADDR (.bss)
                0x08000244        0x4 LONG 0x20000728 (ADDR (.bss) + SIZEOF (.bss))
                0x08000248        0x4 LONG 0x0 ADDR (.bss_CCMRAM)
                0x0800024c        0x4 LONG 0x0 (ADDR (.bss_CCMRAM) + SIZEOF (.bss_CCMRAM))
                0x08000250                __bss_regions_array_end = .
 *(.init)
 *(.fini)
                0x08000250                . = ALIGN (0x4)
                0x08000250                PROVIDE (__preinit_array_start, .)
 *(.preinit_array_sysinit .preinit_array_sysinit.*)
 *(.preinit_array_platform .preinit_array_platform.*)
 *(.preinit_array .preinit_array.*)
                0x08000250                PROVIDE (__preinit_array_end, .)
                0x08000250                . = ALIGN (0x4)
                0x08000250                PROVIDE (__init_array_start, .)
 *(SORT(.init_array.*))
 *(.init_array)
                0x08000250                PROVIDE (__init_array_end, .)
                0x08000250                . = ALIGN (0x4)
                0x08000250                PROVIDE (__fini_array_start, .)
 *(SORT(.fini_array.*))
 *(.fini_array)
                0x08000250                PROVIDE (__fini_array_end, .)

.flashtext
 *(.flashtext .flashtext.*)

.text           0x08000250     0x6488
 *(.text .text.*)
 .text.HAL_InitTick
                0x08000250       0x4c ./system/src/stm32f0-hal/stm32f0xx_hal.o
                0x08000250                HAL_InitTick
 .text.HAL_Init
                0x0800029c       0x20 ./system/src/stm32f0-hal/stm32f0xx_hal.o
                0x0800029c                HAL_Init
 .text.HAL_GetTick
                0x080002bc        0xc ./system/src/stm32f0-hal/stm32f0xx_hal.o
                0x080002bc                HAL_GetTick
 .text.HAL_NVIC_SetPriority
                0x080002c8       0x7c ./system/src/stm32f0-hal/stm32f0xx_hal_cortex.o
                0x080002c8                HAL_NVIC_SetPriority
 .text.HAL_SYSTICK_Config
                0x08000344       0x38 ./system/src/stm32f0-hal/stm32f0xx_hal_cortex.o
                0x08000344                HAL_SYSTICK_Config
 .text.HAL_SYSTICK_CLKSourceConfig
                0x0800037c       0x3c ./system/src/stm32f0-hal/stm32f0xx_hal_cortex.o
                0x0800037c                HAL_SYSTICK_CLKSourceConfig
 .text.HAL_RCC_GetHCLKFreq
                0x080003b8        0xc ./system/src/stm32f0-hal/stm32f0xx_hal_rcc.o
                0x080003b8                HAL_RCC_GetHCLKFreq
 .text.SPI_WaitFlagStateUntilTimeout
                0x080003c4       0x9c ./system/src/stm32f0-hal/stm32f0xx_hal_spi.o
 .text.SPI_WaitFifoStateUntilTimeout
                0x08000460       0xa0 ./system/src/stm32f0-hal/stm32f0xx_hal_spi.o
 .text.SPI_EndRxTxTransaction
                0x08000500       0x68 ./system/src/stm32f0-hal/stm32f0xx_hal_spi.o
 .text.HAL_SPI_MspInit
                0x08000568        0x4 ./system/src/stm32f0-hal/stm32f0xx_hal_spi.o
                0x08000568                HAL_SPI_MspInit
 .text.HAL_SPI_Init
                0x0800056c      0x2bc ./system/src/stm32f0-hal/stm32f0xx_hal_spi.o
                0x0800056c                HAL_SPI_Init
 .text.HAL_SPI_Transmit
                0x08000828      0x258 ./system/src/stm32f0-hal/stm32f0xx_hal_spi.o
                0x08000828                HAL_SPI_Transmit
 .text._exit    0x08000a80        0x4 ./system/src/newlib/exit.o
                0x08000a80                _exit
 .text._sbrk    0x08000a84       0x44 ./system/src/newlib/sbrk.o
                0x08000a84                _sbrk
 .text.__initialize_args
                0x08000ac8       0x10 ./system/src/newlib/syscalls.o
                0x08000ac8                __initialize_args
 .text._trace_write_semihosting_debug
                0x08000ad8       0x68 ./system/src/diag/trace-impl.o
 .text.trace_write
                0x08000b40        0x8 ./system/src/diag/trace-impl.o
                0x08000b40                trace_write
 .text.trace_printf
                0x08000b48       0x2c ./system/src/diag/trace.o
                0x08000b48                trace_printf
 .text.dumpExceptionStack
                0x08000b74       0x88 ./system/src/cortexm/exception-handlers.o
                0x08000b74                dumpExceptionStack
 .text.__initialize_hardware_early
                0x08000bfc        0x8 ./system/src/cortexm/initialize-hardware.o
                0x08000bfc                __initialize_hardware_early
 .text.SystemInit
                0x08000c04        0x4 ./system/src/cmsis/system_stm32f0xx.o
                0x08000c04                SystemInit
 .text.SystemCoreClockUpdate
                0x08000c08       0x90 ./system/src/cmsis/system_stm32f0xx.o
                0x08000c08                SystemCoreClockUpdate
 .text.SystemClock_Config
                0x08000c98       0x1c ./src/initialize-hardware.o
                0x08000c98                SystemClock_Config
 .text.__initialize_hardware
                0x08000cb4       0x10 ./src/initialize-hardware.o
                0x08000cb4                __initialize_hardware
 .text.assert_failed
                0x08000cc4       0x14 ./src/initialize-hardware.o
                0x08000cc4                assert_failed
 .text.SystemClock48MHz
                0x08000cd8       0x4c ./src/main.o
                0x08000cd8                SystemClock48MHz
 .text.myADC_Init
                0x08000d24       0x68 ./src/main.o
                0x08000d24                myADC_Init
 .text.myDAC_Init
                0x08000d8c       0x20 ./src/main.o
                0x08000d8c                myDAC_Init
 .text.getADCVoltage
                0x08000dac       0x24 ./src/main.o
                0x08000dac                getADCVoltage
 .text.convertADCVoltageToResistance
                0x08000dd0       0x18 ./src/main.o
                0x08000dd0                convertADCVoltageToResistance
 .text.getDACVoltage
                0x08000de8       0x14 ./src/main.o
                0x08000de8                getDACVoltage
 .text.oled_Write
                0x08000dfc       0x34 ./src/main.o
                0x08000dfc                oled_Write
 .text.oled_Write_Cmd
                0x08000e30       0x20 ./src/main.o
                0x08000e30                oled_Write_Cmd
 .text.oled_Write_Data
                0x08000e50       0x20 ./src/main.o
                0x08000e50                oled_Write_Data
 .text.myGPIOB_Init
                0x08000e70       0x8c ./src/main.o
                0x08000e70                myGPIOB_Init
 .text.TIM3_Init
                0x08000efc       0x2c ./src/main.o
                0x08000efc                TIM3_Init
 .text.TIM3_delay
                0x08000f28       0x30 ./src/main.o
                0x08000f28                TIM3_delay
 .text.refresh_OLED
                0x08000f58       0xb0 ./src/main.o
                0x08000f58                refresh_OLED
 .text.oled_config
                0x08001008       0xc0 ./src/main.o
                0x08001008                oled_config
 .text.myGPIOA_Init
                0x080010c8       0x5c ./src/main.o
                0x080010c8                myGPIOA_Init
 .text.myTIM2_Init
                0x08001124       0x48 ./src/main.o
                0x08001124                myTIM2_Init
 .text.myEXTI0_1_Init
                0x0800116c       0x4c ./src/main.o
                0x0800116c                myEXTI0_1_Init
 .text.myEXTI2_3_Init
                0x080011b8       0x68 ./src/main.o
                0x080011b8                myEXTI2_3_Init
 .text.main     0x08001220       0x60 ./src/main.o
                0x08001220                main
 .text.EXTI0_1_IRQHandler
                0x08001280       0xf4 ./src/main.o
                0x08001280                EXTI0_1_IRQHandler
 .text.TIM2_IRQHandler
                0x08001374       0x2c ./src/main.o
                0x08001374                TIM2_IRQHandler
 .text.EXTI2_3_IRQHandler
                0x080013a0       0xc0 ./src/main.o
                0x080013a0                EXTI2_3_IRQHandler
 .text.HAL_MspInit
                0x08001460        0x4 ./src/stm32f0xx_hal_msp.o
                0x08001460                HAL_MspInit
 .text          0x08001464      0x114 c:/dev/gnu tools arm embedded/5.4 2016q3/bin/../lib/gcc/arm-none-eabi/5.4.1/armv6-m\libgcc.a(_udivsi3.o)
                0x08001464                __aeabi_uidiv
                0x08001464                __udivsi3
                0x08001570                __aeabi_uidivmod
 .text          0x08001578        0x4 c:/dev/gnu tools arm embedded/5.4 2016q3/bin/../lib/gcc/arm-none-eabi/5.4.1/armv6-m\libgcc.a(_dvmd_tls.o)
                0x08001578                __aeabi_idiv0
                0x08001578                __aeabi_ldiv0
 .text          0x0800157c       0x30 c:/dev/gnu tools arm embedded/5.4 2016q3/bin/../lib/gcc/arm-none-eabi/5.4.1/armv6-m\libgcc.a(_fixunssfsi.o)
                0x0800157c                __fixunssfsi
                0x0800157c                __aeabi_f2uiz
 .text          0x080015ac      0x234 c:/dev/gnu tools arm embedded/5.4 2016q3/bin/../lib/gcc/arm-none-eabi/5.4.1/armv6-m\libgcc.a(divsf3.o)
                0x080015ac                __aeabi_fdiv
 .text          0x080017e0      0x228 c:/dev/gnu tools arm embedded/5.4 2016q3/bin/../lib/gcc/arm-none-eabi/5.4.1/armv6-m\libgcc.a(mulsf3.o)
                0x080017e0                __aeabi_fmul
 .text          0x08001a08      0x30c c:/dev/gnu tools arm embedded/5.4 2016q3/bin/../lib/gcc/arm-none-eabi/5.4.1/armv6-m\libgcc.a(subsf3.o)
                0x08001a08                __aeabi_fsub
 .text          0x08001d14       0x44 c:/dev/gnu tools arm embedded/5.4 2016q3/bin/../lib/gcc/arm-none-eabi/5.4.1/armv6-m\libgcc.a(fixsfsi.o)
                0x08001d14                __aeabi_f2iz
 .text          0x08001d58       0x7c c:/dev/gnu tools arm embedded/5.4 2016q3/bin/../lib/gcc/arm-none-eabi/5.4.1/armv6-m\libgcc.a(floatunsisf.o)
                0x08001d58                __aeabi_ui2f
 .text          0x08001dd4       0xa8 c:/dev/gnu tools arm embedded/5.4 2016q3/bin/../lib/gcc/arm-none-eabi/5.4.1/armv6-m\libgcc.a(extendsfdf2.o)
                0x08001dd4                __aeabi_f2d
 .text          0x08001e7c       0x74 c:/dev/gnu tools arm embedded/5.4 2016q3/bin/../lib/gcc/arm-none-eabi/5.4.1/armv6-m\libgcc.a(_arm_cmpsf2.o)
                0x08001e7c                __aeabi_cfrcmple
                0x08001e84                __aeabi_cfcmpeq
                0x08001e84                __aeabi_cfcmple
                0x08001e94                __aeabi_fcmpeq
                0x08001ea0                __aeabi_fcmplt
                0x08001eb4                __aeabi_fcmple
                0x08001ec8                __aeabi_fcmpgt
                0x08001edc                __aeabi_fcmpge
 .text          0x08001ef0       0x3c c:/dev/gnu tools arm embedded/5.4 2016q3/bin/../lib/gcc/arm-none-eabi/5.4.1/armv6-m\libgcc.a(_clzsi2.o)
                0x08001ef0                __clzsi2
 .text          0x08001f2c       0x50 c:/dev/gnu tools arm embedded/5.4 2016q3/bin/../lib/gcc/arm-none-eabi/5.4.1/armv6-m\libgcc.a(eqsf2.o)
                0x08001f2c                __eqsf2
                0x08001f2c                __nesf2
 .text          0x08001f7c       0x88 c:/dev/gnu tools arm embedded/5.4 2016q3/bin/../lib/gcc/arm-none-eabi/5.4.1/armv6-m\libgcc.a(gesf2.o)
                0x08001f7c                __gesf2
                0x08001f7c                __gtsf2
 .text          0x08002004       0x88 c:/dev/gnu tools arm embedded/5.4 2016q3/bin/../lib/gcc/arm-none-eabi/5.4.1/armv6-m\libgcc.a(lesf2.o)
                0x08002004                __ltsf2
                0x08002004                __lesf2
 .text.__errno  0x0800208c        0xc c:/dev/gnu tools arm embedded/5.4 2016q3/bin/../lib/gcc/arm-none-eabi/5.4.1/../../../../arm-none-eabi/lib/armv6-m\libg_nano.a(lib_a-errno.o)
                0x0800208c                __errno
 .text.memcpy   0x08002098       0x12 c:/dev/gnu tools arm embedded/5.4 2016q3/bin/../lib/gcc/arm-none-eabi/5.4.1/../../../../arm-none-eabi/lib/armv6-m\libg_nano.a(lib_a-memcpy-stub.o)
                0x08002098                memcpy
 .text.__cvt    0x080020aa       0xca c:/dev/gnu tools arm embedded/5.4 2016q3/bin/../lib/gcc/arm-none-eabi/5.4.1/../../../../arm-none-eabi/lib/armv6-m\libg_nano.a(lib_a-nano-vfprintf_float.o)
                0x080020aa                __cvt
 .text.__exponent
                0x08002174       0x62 c:/dev/gnu tools arm embedded/5.4 2016q3/bin/../lib/gcc/arm-none-eabi/5.4.1/../../../../arm-none-eabi/lib/armv6-m\libg_nano.a(lib_a-nano-vfprintf_float.o)
                0x08002174                __exponent
 *fill*         0x080021d6        0x2 
 .text._printf_float
                0x080021d8      0x4a0 c:/dev/gnu tools arm embedded/5.4 2016q3/bin/../lib/gcc/arm-none-eabi/5.4.1/../../../../arm-none-eabi/lib/armv6-m\libg_nano.a(lib_a-nano-vfprintf_float.o)
                0x080021d8                _printf_float
 .text._printf_common
                0x08002678       0xdc c:/dev/gnu tools arm embedded/5.4 2016q3/bin/../lib/gcc/arm-none-eabi/5.4.1/../../../../arm-none-eabi/lib/armv6-m\libg_nano.a(lib_a-nano-vfprintf_i.o)
                0x08002678                _printf_common
 .text._printf_i
                0x08002754      0x244 c:/dev/gnu tools arm embedded/5.4 2016q3/bin/../lib/gcc/arm-none-eabi/5.4.1/../../../../arm-none-eabi/lib/armv6-m\libg_nano.a(lib_a-nano-vfprintf_i.o)
                0x08002754                _printf_i
 .text.snprintf
                0x08002998       0x64 c:/dev/gnu tools arm embedded/5.4 2016q3/bin/../lib/gcc/arm-none-eabi/5.4.1/../../../../arm-none-eabi/lib/armv6-m\libg_nano.a(lib_a-snprintf.o)
                0x08002998                sniprintf
                0x08002998                snprintf
 .text          0x080029fc        0xe c:/dev/gnu tools arm embedded/5.4 2016q3/bin/../lib/gcc/arm-none-eabi/5.4.1/../../../../arm-none-eabi/lib/armv6-m\libg_nano.a(lib_a-strlen.o)
                0x080029fc                strlen
 .text._vsnprintf_r
                0x08002a0a       0x56 c:/dev/gnu tools arm embedded/5.4 2016q3/bin/../lib/gcc/arm-none-eabi/5.4.1/../../../../arm-none-eabi/lib/armv6-m\libg_nano.a(lib_a-vsnprintf.o)
                0x08002a0a                _vsniprintf_r
                0x08002a0a                _vsnprintf_r
 .text.vsnprintf
                0x08002a60       0x18 c:/dev/gnu tools arm embedded/5.4 2016q3/bin/../lib/gcc/arm-none-eabi/5.4.1/../../../../arm-none-eabi/lib/armv6-m\libg_nano.a(lib_a-vsnprintf.o)
                0x08002a60                vsniprintf
                0x08002a60                vsnprintf
 .text.quorem   0x08002a78      0x10c c:/dev/gnu tools arm embedded/5.4 2016q3/bin/../lib/gcc/arm-none-eabi/5.4.1/../../../../arm-none-eabi/lib/armv6-m\libg_nano.a(lib_a-dtoa.o)
 .text._dtoa_r  0x08002b84      0xb8c c:/dev/gnu tools arm embedded/5.4 2016q3/bin/../lib/gcc/arm-none-eabi/5.4.1/../../../../arm-none-eabi/lib/armv6-m\libg_nano.a(lib_a-dtoa.o)
                0x08002b84                _dtoa_r
 .text._localeconv_r
                0x08003710       0x18 c:/dev/gnu tools arm embedded/5.4 2016q3/bin/../lib/gcc/arm-none-eabi/5.4.1/../../../../arm-none-eabi/lib/armv6-m\libg_nano.a(lib_a-localeconv.o)
                0x08003710                _localeconv_r
 .text.malloc   0x08003728       0x14 c:/dev/gnu tools arm embedded/5.4 2016q3/bin/../lib/gcc/arm-none-eabi/5.4.1/../../../../arm-none-eabi/lib/armv6-m\libg_nano.a(lib_a-malloc.o)
                0x08003728                malloc
 .text.memchr   0x0800373c       0x16 c:/dev/gnu tools arm embedded/5.4 2016q3/bin/../lib/gcc/arm-none-eabi/5.4.1/../../../../arm-none-eabi/lib/armv6-m\libg_nano.a(lib_a-memchr-stub.o)
                0x0800373c                memchr
 .text._Balloc  0x08003752       0x70 c:/dev/gnu tools arm embedded/5.4 2016q3/bin/../lib/gcc/arm-none-eabi/5.4.1/../../../../arm-none-eabi/lib/armv6-m\libg_nano.a(lib_a-mprec.o)
                0x08003752                _Balloc
 .text._Bfree   0x080037c2       0x32 c:/dev/gnu tools arm embedded/5.4 2016q3/bin/../lib/gcc/arm-none-eabi/5.4.1/../../../../arm-none-eabi/lib/armv6-m\libg_nano.a(lib_a-mprec.o)
                0x080037c2                _Bfree
 .text.__multadd
                0x080037f4       0x7a c:/dev/gnu tools arm embedded/5.4 2016q3/bin/../lib/gcc/arm-none-eabi/5.4.1/../../../../arm-none-eabi/lib/armv6-m\libg_nano.a(lib_a-mprec.o)
                0x080037f4                __multadd
 .text.__hi0bits
                0x0800386e       0x36 c:/dev/gnu tools arm embedded/5.4 2016q3/bin/../lib/gcc/arm-none-eabi/5.4.1/../../../../arm-none-eabi/lib/armv6-m\libg_nano.a(lib_a-mprec.o)
                0x0800386e                __hi0bits
 .text.__lo0bits
                0x080038a4       0x5e c:/dev/gnu tools arm embedded/5.4 2016q3/bin/../lib/gcc/arm-none-eabi/5.4.1/../../../../arm-none-eabi/lib/armv6-m\libg_nano.a(lib_a-mprec.o)
                0x080038a4                __lo0bits
 .text.__i2b    0x08003902       0x12 c:/dev/gnu tools arm embedded/5.4 2016q3/bin/../lib/gcc/arm-none-eabi/5.4.1/../../../../arm-none-eabi/lib/armv6-m\libg_nano.a(lib_a-mprec.o)
                0x08003902                __i2b
 .text.__multiply
                0x08003914      0x112 c:/dev/gnu tools arm embedded/5.4 2016q3/bin/../lib/gcc/arm-none-eabi/5.4.1/../../../../arm-none-eabi/lib/armv6-m\libg_nano.a(lib_a-mprec.o)
                0x08003914                __multiply
 *fill*         0x08003a26        0x2 
 .text.__pow5mult
                0x08003a28       0xa8 c:/dev/gnu tools arm embedded/5.4 2016q3/bin/../lib/gcc/arm-none-eabi/5.4.1/../../../../arm-none-eabi/lib/armv6-m\libg_nano.a(lib_a-mprec.o)
                0x08003a28                __pow5mult
 .text.__lshift
                0x08003ad0       0xa4 c:/dev/gnu tools arm embedded/5.4 2016q3/bin/../lib/gcc/arm-none-eabi/5.4.1/../../../../arm-none-eabi/lib/armv6-m\libg_nano.a(lib_a-mprec.o)
                0x08003ad0                __lshift
 .text.__mcmp   0x08003b74       0x36 c:/dev/gnu tools arm embedded/5.4 2016q3/bin/../lib/gcc/arm-none-eabi/5.4.1/../../../../arm-none-eabi/lib/armv6-m\libg_nano.a(lib_a-mprec.o)
                0x08003b74                __mcmp
 .text.__mdiff  0x08003baa       0xd6 c:/dev/gnu tools arm embedded/5.4 2016q3/bin/../lib/gcc/arm-none-eabi/5.4.1/../../../../arm-none-eabi/lib/armv6-m\libg_nano.a(lib_a-mprec.o)
                0x08003baa                __mdiff
 .text.__d2b    0x08003c80       0xa8 c:/dev/gnu tools arm embedded/5.4 2016q3/bin/../lib/gcc/arm-none-eabi/5.4.1/../../../../arm-none-eabi/lib/armv6-m\libg_nano.a(lib_a-mprec.o)
                0x08003c80                __d2b
 .text._calloc_r
                0x08003d28       0x1c c:/dev/gnu tools arm embedded/5.4 2016q3/bin/../lib/gcc/arm-none-eabi/5.4.1/../../../../arm-none-eabi/lib/armv6-m\libg_nano.a(lib_a-nano-callocr.o)
                0x08003d28                _calloc_r
 .text._free_r  0x08003d44       0x98 c:/dev/gnu tools arm embedded/5.4 2016q3/bin/../lib/gcc/arm-none-eabi/5.4.1/../../../../arm-none-eabi/lib/armv6-m\libg_nano.a(lib_a-nano-freer.o)
                0x08003d44                _free_r
 .text._malloc_r
                0x08003ddc       0xc0 c:/dev/gnu tools arm embedded/5.4 2016q3/bin/../lib/gcc/arm-none-eabi/5.4.1/../../../../arm-none-eabi/lib/armv6-m\libg_nano.a(lib_a-nano-mallocr.o)
                0x08003ddc                _malloc_r
 .text.__ssputs_r
                0x08003e9c       0xc4 c:/dev/gnu tools arm embedded/5.4 2016q3/bin/../lib/gcc/arm-none-eabi/5.4.1/../../../../arm-none-eabi/lib/armv6-m\libg_nano.a(lib_a-nano-svfprintf.o)
                0x08003e9c                __ssputs_r
 .text._svfprintf_r
                0x08003f60      0x1fc c:/dev/gnu tools arm embedded/5.4 2016q3/bin/../lib/gcc/arm-none-eabi/5.4.1/../../../../arm-none-eabi/lib/armv6-m\libg_nano.a(lib_a-nano-svfprintf.o)
                0x08003f60                _svfiprintf_r
                0x08003f60                _svfprintf_r
 .text._sbrk_r  0x0800415c       0x24 c:/dev/gnu tools arm embedded/5.4 2016q3/bin/../lib/gcc/arm-none-eabi/5.4.1/../../../../arm-none-eabi/lib/armv6-m\libg_nano.a(lib_a-sbrkr.o)
                0x0800415c                _sbrk_r
 .text.__ascii_mbtowc
                0x08004180       0x24 c:/dev/gnu tools arm embedded/5.4 2016q3/bin/../lib/gcc/arm-none-eabi/5.4.1/../../../../arm-none-eabi/lib/armv6-m\libg_nano.a(lib_a-mbtowc_r.o)
                0x08004180                __ascii_mbtowc
 .text.memmove  0x080041a4       0x2a c:/dev/gnu tools arm embedded/5.4 2016q3/bin/../lib/gcc/arm-none-eabi/5.4.1/../../../../arm-none-eabi/lib/armv6-m\libg_nano.a(lib_a-memmove.o)
                0x080041a4                memmove
 .text.memset   0x080041ce       0x10 c:/dev/gnu tools arm embedded/5.4 2016q3/bin/../lib/gcc/arm-none-eabi/5.4.1/../../../../arm-none-eabi/lib/armv6-m\libg_nano.a(lib_a-memset.o)
                0x080041ce                memset
 .text.__malloc_lock
                0x080041de        0x2 c:/dev/gnu tools arm embedded/5.4 2016q3/bin/../lib/gcc/arm-none-eabi/5.4.1/../../../../arm-none-eabi/lib/armv6-m\libg_nano.a(lib_a-mlock.o)
                0x080041de                __malloc_lock
 .text.__malloc_unlock
                0x080041e0        0x2 c:/dev/gnu tools arm embedded/5.4 2016q3/bin/../lib/gcc/arm-none-eabi/5.4.1/../../../../arm-none-eabi/lib/armv6-m\libg_nano.a(lib_a-mlock.o)
                0x080041e0                __malloc_unlock
 .text._realloc_r
                0x080041e2       0x4c c:/dev/gnu tools arm embedded/5.4 2016q3/bin/../lib/gcc/arm-none-eabi/5.4.1/../../../../arm-none-eabi/lib/armv6-m\libg_nano.a(lib_a-nano-reallocr.o)
                0x080041e2                _realloc_r
 .text.__ascii_wctomb
                0x0800422e       0x18 c:/dev/gnu tools arm embedded/5.4 2016q3/bin/../lib/gcc/arm-none-eabi/5.4.1/../../../../arm-none-eabi/lib/armv6-m\libg_nano.a(lib_a-wctomb_r.o)
                0x0800422e                __ascii_wctomb
 .text._malloc_usable_size_r
                0x08004246       0x16 c:/dev/gnu tools arm embedded/5.4 2016q3/bin/../lib/gcc/arm-none-eabi/5.4.1/../../../../arm-none-eabi/lib/armv6-m\libg_nano.a(lib_a-nano-msizer.o)
                0x08004246                _malloc_usable_size_r
 .text          0x0800425c       0x14 c:/dev/gnu tools arm embedded/5.4 2016q3/bin/../lib/gcc/arm-none-eabi/5.4.1/armv6-m\libgcc.a(_thumb1_case_uqi.o)
                0x0800425c                __gnu_thumb1_case_uqi
 .text          0x08004270      0x1d4 c:/dev/gnu tools arm embedded/5.4 2016q3/bin/../lib/gcc/arm-none-eabi/5.4.1/armv6-m\libgcc.a(_divsi3.o)
                0x08004270                __divsi3
                0x08004270                __aeabi_idiv
                0x0800443c                __aeabi_idivmod
 .text          0x08004444       0x7c c:/dev/gnu tools arm embedded/5.4 2016q3/bin/../lib/gcc/arm-none-eabi/5.4.1/armv6-m\libgcc.a(_arm_cmpdf2.o)
                0x08004444                __aeabi_cdrcmple
                0x08004454                __aeabi_cdcmple
                0x08004454                __aeabi_cdcmpeq
                0x08004464                __aeabi_dcmpeq
                0x08004470                __aeabi_dcmplt
                0x08004484                __aeabi_dcmple
                0x08004498                __aeabi_dcmpgt
                0x080044ac                __aeabi_dcmpge
 .text          0x080044c0      0x658 c:/dev/gnu tools arm embedded/5.4 2016q3/bin/../lib/gcc/arm-none-eabi/5.4.1/armv6-m\libgcc.a(adddf3.o)
                0x080044c0                __aeabi_dadd
 .text          0x08004b18      0x62c c:/dev/gnu tools arm embedded/5.4 2016q3/bin/../lib/gcc/arm-none-eabi/5.4.1/armv6-m\libgcc.a(divdf3.o)
                0x08004b18                __aeabi_ddiv
 .text          0x08005144       0x80 c:/dev/gnu tools arm embedded/5.4 2016q3/bin/../lib/gcc/arm-none-eabi/5.4.1/armv6-m\libgcc.a(eqdf2.o)
                0x08005144                __nedf2
                0x08005144                __eqdf2
 .text          0x080051c4       0xc8 c:/dev/gnu tools arm embedded/5.4 2016q3/bin/../lib/gcc/arm-none-eabi/5.4.1/armv6-m\libgcc.a(gedf2.o)
                0x080051c4                __gedf2
                0x080051c4                __gtdf2
 .text          0x0800528c       0xd4 c:/dev/gnu tools arm embedded/5.4 2016q3/bin/../lib/gcc/arm-none-eabi/5.4.1/armv6-m\libgcc.a(ledf2.o)
                0x0800528c                __ledf2
                0x0800528c                __ltdf2
 .text          0x08005360      0x4f4 c:/dev/gnu tools arm embedded/5.4 2016q3/bin/../lib/gcc/arm-none-eabi/5.4.1/armv6-m\libgcc.a(muldf3.o)
                0x08005360                __aeabi_dmul
 .text          0x08005854      0x6a8 c:/dev/gnu tools arm embedded/5.4 2016q3/bin/../lib/gcc/arm-none-eabi/5.4.1/armv6-m\libgcc.a(subdf3.o)
                0x08005854                __aeabi_dsub
 .text          0x08005efc       0x40 c:/dev/gnu tools arm embedded/5.4 2016q3/bin/../lib/gcc/arm-none-eabi/5.4.1/armv6-m\libgcc.a(unorddf2.o)
                0x08005efc                __aeabi_dcmpun
 .text          0x08005f3c       0x6c c:/dev/gnu tools arm embedded/5.4 2016q3/bin/../lib/gcc/arm-none-eabi/5.4.1/armv6-m\libgcc.a(fixdfsi.o)
                0x08005f3c                __aeabi_d2iz
 .text          0x08005fa8       0x84 c:/dev/gnu tools arm embedded/5.4 2016q3/bin/../lib/gcc/arm-none-eabi/5.4.1/armv6-m\libgcc.a(floatsidf.o)
                0x08005fa8                __aeabi_i2d
 .text          0x0800602c       0x70 c:/dev/gnu tools arm embedded/5.4 2016q3/bin/../lib/gcc/arm-none-eabi/5.4.1/armv6-m\libgcc.a(floatunsidf.o)
                0x0800602c                __aeabi_ui2d
 *(.rodata .rodata.* .constdata .constdata.*)
 .rodata.str1.4
                0x0800609c       0x31 ./system/src/stm32f0-hal/stm32f0xx_hal_cortex.o
 *fill*         0x080060cd        0x3 
 .rodata.str1.4
                0x080060d0       0x2e ./system/src/stm32f0-hal/stm32f0xx_hal_spi.o
 *fill*         0x080060fe        0x2 
 .rodata.str1.4
                0x08006100       0xbd ./system/src/cortexm/exception-handlers.o
 *fill*         0x080061bd        0x3 
 .rodata.AHBPrescTable
                0x080061c0       0x10 ./system/src/cmsis/system_stm32f0xx.o
                0x080061c0                AHBPrescTable
 .rodata.str1.4
                0x080061d0       0x2d ./src/initialize-hardware.o
 *fill*         0x080061fd        0x3 
 .rodata.str1.4
                0x08006200      0x138 ./src/main.o
                                0x137 (size before relaxing)
 .rodata        0x08006338       0x80 c:/dev/gnu tools arm embedded/5.4 2016q3/bin/../lib/gcc/arm-none-eabi/5.4.1/armv6-m\libgcc.a(divsf3.o)
 .rodata        0x080063b8       0x40 c:/dev/gnu tools arm embedded/5.4 2016q3/bin/../lib/gcc/arm-none-eabi/5.4.1/armv6-m\libgcc.a(mulsf3.o)
 .rodata.str1.1
                0x080063f8       0x12 c:/dev/gnu tools arm embedded/5.4 2016q3/bin/../lib/gcc/arm-none-eabi/5.4.1/../../../../arm-none-eabi/lib/armv6-m\libg_nano.a(lib_a-nano-vfprintf_float.o)
 .rodata.str1.1
                0x0800640a       0x22 c:/dev/gnu tools arm embedded/5.4 2016q3/bin/../lib/gcc/arm-none-eabi/5.4.1/../../../../arm-none-eabi/lib/armv6-m\libg_nano.a(lib_a-nano-vfprintf_i.o)
 .rodata.str1.1
                0x0800642c        0xd c:/dev/gnu tools arm embedded/5.4 2016q3/bin/../lib/gcc/arm-none-eabi/5.4.1/../../../../arm-none-eabi/lib/armv6-m\libg_nano.a(lib_a-dtoa.o)
                                  0xf (size before relaxing)
 *fill*         0x08006439        0x7 
 .rodata.__mprec_tens
                0x08006440       0xc8 c:/dev/gnu tools arm embedded/5.4 2016q3/bin/../lib/gcc/arm-none-eabi/5.4.1/../../../../arm-none-eabi/lib/armv6-m\libg_nano.a(lib_a-mprec.o)
                0x08006440                __mprec_tens
 .rodata.__mprec_bigtens
                0x08006508       0x28 c:/dev/gnu tools arm embedded/5.4 2016q3/bin/../lib/gcc/arm-none-eabi/5.4.1/../../../../arm-none-eabi/lib/armv6-m\libg_nano.a(lib_a-mprec.o)
                0x08006508                __mprec_bigtens
 .rodata.p05.6097
                0x08006530        0xc c:/dev/gnu tools arm embedded/5.4 2016q3/bin/../lib/gcc/arm-none-eabi/5.4.1/../../../../arm-none-eabi/lib/armv6-m\libg_nano.a(lib_a-mprec.o)
 .rodata.str1.1
                0x0800653c       0x11 c:/dev/gnu tools arm embedded/5.4 2016q3/bin/../lib/gcc/arm-none-eabi/5.4.1/../../../../arm-none-eabi/lib/armv6-m\libg_nano.a(lib_a-nano-svfprintf.o)
 .rodata.str1.1
                0x0800654d        0xa c:/dev/gnu tools arm embedded/5.4 2016q3/bin/../lib/gcc/arm-none-eabi/5.4.1/../../../../arm-none-eabi/lib/armv6-m\libg_nano.a(lib_a-locale.o)
                                  0xb (size before relaxing)
 .rodata._ctype_
                0x08006557      0x101 c:/dev/gnu tools arm embedded/5.4 2016q3/bin/../lib/gcc/arm-none-eabi/5.4.1/../../../../arm-none-eabi/lib/armv6-m\libg_nano.a(lib_a-ctype_.o)
                0x08006557                _ctype_
 .rodata        0x08006658       0x40 c:/dev/gnu tools arm embedded/5.4 2016q3/bin/../lib/gcc/arm-none-eabi/5.4.1/armv6-m\libgcc.a(divdf3.o)
 .rodata        0x08006698       0x40 c:/dev/gnu tools arm embedded/5.4 2016q3/bin/../lib/gcc/arm-none-eabi/5.4.1/armv6-m\libgcc.a(muldf3.o)
 *(vtable)
 *(.eh_frame*)
 *(.glue_7)
 .glue_7        0x080066d8        0x0 linker stubs
 *(.glue_7t)
 .glue_7t       0x080066d8        0x0 linker stubs

.vfp11_veneer   0x080066d8        0x0
 .vfp11_veneer  0x080066d8        0x0 linker stubs

.v4_bx          0x080066d8        0x0
 .v4_bx         0x080066d8        0x0 linker stubs

.iplt           0x080066d8        0x0
 .iplt          0x080066d8        0x0 ./system/src/stm32f0-hal/stm32f0xx_hal.o

.rel.dyn        0x080066d8        0x0
 .rel.iplt      0x080066d8        0x0 ./system/src/stm32f0-hal/stm32f0xx_hal.o

.ARM.extab
 *(.ARM.extab* .gnu.linkonce.armextab.*)
                0x080066d8                . = ALIGN (0x4)
                0x080066d8                __exidx_start = .

.ARM.exidx
 *(.ARM.exidx* .gnu.linkonce.armexidx.*)
                0x080066d8                __exidx_end = .
                0x080066d8                . = ALIGN (0x4)
                0x080066d8                _etext = .
                0x080066d8                __etext = .

.data_CCMRAM    0x00000000        0x0 load address 0x080066d8
 FILL mask 0xff
 *(.data.CCMRAM .data.CCMRAM.*)
                0x00000000                . = ALIGN (0x4)
                0x080066d8                _sidata = LOADADDR (.data)

.data           0x20000000      0x610 load address 0x080066d8
 FILL mask 0xff
                0x20000000                _sdata = .
                0x20000000                __data_start__ = .
 *(.data_begin .data_begin.*)
 .data_begin    0x20000000        0x4 ./system/src/newlib/startup.o
 *(.data .data.*)
 .data.uwTickPrio
                0x20000004        0x4 ./system/src/stm32f0-hal/stm32f0xx_hal.o
                0x20000004                uwTickPrio
 .data.uwTickFreq
                0x20000008        0x1 ./system/src/stm32f0-hal/stm32f0xx_hal.o
                0x20000008                uwTickFreq
 *fill*         0x20000009        0x3 ff
 .data.argv.4770
                0x2000000c        0x8 ./system/src/newlib/syscalls.o
 .data.SystemCoreClock
                0x20000014        0x4 ./system/src/cmsis/system_stm32f0xx.o
                0x20000014                SystemCoreClock
 .data.current_state
                0x20000018        0x1 ./src/main.o
                0x20000018                current_state
 *fill*         0x20000019        0x3 ff
 .data.Characters
                0x2000001c      0x400 ./src/main.o
                0x2000001c                Characters
 .data.oled_init_cmds
                0x2000041c       0x1d ./src/main.o
                0x2000041c                oled_init_cmds
 *fill*         0x20000439        0x3 ff
 .data.impure_data
                0x2000043c       0x60 c:/dev/gnu tools arm embedded/5.4 2016q3/bin/../lib/gcc/arm-none-eabi/5.4.1/../../../../arm-none-eabi/lib/armv6-m\libg_nano.a(lib_a-impure.o)
 .data._impure_ptr
                0x2000049c        0x4 c:/dev/gnu tools arm embedded/5.4 2016q3/bin/../lib/gcc/arm-none-eabi/5.4.1/../../../../arm-none-eabi/lib/armv6-m\libg_nano.a(lib_a-impure.o)
                0x2000049c                _impure_ptr
 .data.__global_locale
                0x200004a0      0x16c c:/dev/gnu tools arm embedded/5.4 2016q3/bin/../lib/gcc/arm-none-eabi/5.4.1/../../../../arm-none-eabi/lib/armv6-m\libg_nano.a(lib_a-locale.o)
                0x200004a0                __global_locale
 *(.data_end .data_end.*)
 .data_end      0x2000060c        0x4 ./system/src/newlib/startup.o
                0x20000610                . = ALIGN (0x4)
                0x20000610                _edata = .
                0x20000610                __data_end__ = .

.igot.plt       0x20000610        0x0 load address 0x08006ce8
 .igot.plt      0x20000610        0x0 ./system/src/stm32f0-hal/stm32f0xx_hal.o

.bss_CCMRAM     0x00000000        0x0
 *(.bss.CCMRAM .bss.CCMRAM.*)

.bss            0x20000610      0x118
                0x20000610                __bss_start__ = .
                0x20000610                _sbss = .
 *(.bss_begin .bss_begin.*)
 .bss_begin     0x20000610        0x4 ./system/src/newlib/startup.o
 *(.bss .bss.*)
 .bss.current_heap_end.4454
                0x20000614        0x4 ./system/src/newlib/sbrk.o
 .bss.name.4769
                0x20000618        0x1 ./system/src/newlib/syscalls.o
 *fill*         0x20000619        0x3 
 .bss.buf.5659  0x2000061c       0x80 ./system/src/diag/trace.o
 .bss.period    0x2000069c        0x4 ./src/main.o
                0x2000069c                period
 .bss.voltage   0x200006a0        0x4 ./src/main.o
                0x200006a0                voltage
 .bss.Freq      0x200006a4        0x4 ./src/main.o
                0x200006a4                Freq
 .bss.Res       0x200006a8        0x4 ./src/main.o
                0x200006a8                Res
 .bss.timerTriggered
                0x200006ac        0x4 ./src/main.o
                0x200006ac                timerTriggered
 .bss.__malloc_sbrk_start
                0x200006b0        0x4 c:/dev/gnu tools arm embedded/5.4 2016q3/bin/../lib/gcc/arm-none-eabi/5.4.1/../../../../arm-none-eabi/lib/armv6-m\libg_nano.a(lib_a-nano-mallocr.o)
                0x200006b0                __malloc_sbrk_start
 .bss.__malloc_free_list
                0x200006b4        0x4 c:/dev/gnu tools arm embedded/5.4 2016q3/bin/../lib/gcc/arm-none-eabi/5.4.1/../../../../arm-none-eabi/lib/armv6-m\libg_nano.a(lib_a-nano-mallocr.o)
                0x200006b4                __malloc_free_list
 *(COMMON)
 COMMON         0x200006b8        0x4 ./system/src/stm32f0-hal/stm32f0xx_hal.o
                0x200006b8                uwTick
 COMMON         0x200006bc        0x4 ./system/src/newlib/syscalls.o
                0x200006bc                errno
 COMMON         0x200006c0       0x64 ./src/main.o
                0x200006c0                SPI_Handle
 *(.bss_end .bss_end.*)
 .bss_end       0x20000724        0x4 ./system/src/newlib/startup.o
                0x20000728                . = ALIGN (0x4)
                0x20000728                __bss_end__ = .
                0x20000728                _ebss = .

.noinit_CCMRAM
 *(.noinit.CCMRAM .noinit.CCMRAM.*)

.noinit         0x20000728        0x0
                0x20000728                _noinit = .
 *(.noinit .noinit.*)
                0x20000728                . = ALIGN (0x4)
                0x20000728                _end_noinit = .
                [!provide]                PROVIDE (end, _end_noinit)
                [!provide]                PROVIDE (_end, _end_noinit)
                [!provide]                PROVIDE (__end, _end_noinit)
                [!provide]                PROVIDE (__end__, _end_noinit)

._check_stack   0x20000728      0x100
                0x20000828                . = (. + _Minimum_Stack_Size)
 *fill*         0x20000728      0x100 

.b1text
 *(.b1text)
 *(.b1rodata)
 *(.b1rodata.*)

.eb0text
 *(.eb0text)
 *(.eb0rodata)
 *(.eb0rodata.*)

.eb1text
 *(.eb1text)
 *(.eb1rodata)
 *(.eb1rodata.*)

.eb2text
 *(.eb2text)
 *(.eb2rodata)
 *(.eb2rodata.*)

.eb3text
 *(.eb3text)
 *(.eb3rodata)
 *(.eb3rodata.*)

.stab
 *(.stab)

.stabstr
 *(.stabstr)

.stab.excl
 *(.stab.excl)

.stab.exclstr
 *(.stab.exclstr)

.stab.index
 *(.stab.index)

.stab.indexstr
 *(.stab.indexstr)

.comment        0x00000000       0x6e
 *(.comment)
 .comment       0x00000000       0x6e ./system/src/stm32f0-hal/stm32f0xx_hal.o
                                 0x6f (size before relaxing)
 .comment       0x0000006e       0x6f ./system/src/stm32f0-hal/stm32f0xx_hal_cortex.o
 .comment       0x0000006e       0x6f ./system/src/stm32f0-hal/stm32f0xx_hal_rcc.o
 .comment       0x0000006e       0x6f ./system/src/stm32f0-hal/stm32f0xx_hal_spi.o
 .comment       0x0000006e       0x6f ./system/src/newlib/exit.o
 .comment       0x0000006e       0x6f ./system/src/newlib/sbrk.o
 .comment       0x0000006e       0x6f ./system/src/newlib/startup.o
 .comment       0x0000006e       0x6f ./system/src/newlib/syscalls.o
 .comment       0x0000006e       0x6f ./system/src/diag/trace-impl.o
 .comment       0x0000006e       0x6f ./system/src/diag/trace.o
 .comment       0x0000006e       0x6f ./system/src/cortexm/exception-handlers.o
 .comment       0x0000006e       0x6f ./system/src/cortexm/initialize-hardware.o
 .comment       0x0000006e       0x6f ./system/src/cmsis/system_stm32f0xx.o
 .comment       0x0000006e       0x6f ./system/src/cmsis/vectors_stm32f051x8.o
 .comment       0x0000006e       0x6f ./src/initialize-hardware.o
 .comment       0x0000006e       0x6f ./src/main.o
 .comment       0x0000006e       0x6f ./src/stm32f0xx_hal_msp.o

.ARM.attributes
                0x00000000       0x2f
 .ARM.attributes
                0x00000000       0x31 ./system/src/stm32f0-hal/stm32f0xx_hal.o
 .ARM.attributes
                0x00000031       0x31 ./system/src/stm32f0-hal/stm32f0xx_hal_cortex.o
 .ARM.attributes
                0x00000062       0x31 ./system/src/stm32f0-hal/stm32f0xx_hal_rcc.o
 .ARM.attributes
                0x00000093       0x31 ./system/src/stm32f0-hal/stm32f0xx_hal_spi.o
 .ARM.attributes
                0x000000c4       0x31 ./system/src/newlib/exit.o
 .ARM.attributes
                0x000000f5       0x31 ./system/src/newlib/sbrk.o
 .ARM.attributes
                0x00000126       0x31 ./system/src/newlib/startup.o
 .ARM.attributes
                0x00000157       0x31 ./system/src/newlib/syscalls.o
 .ARM.attributes
                0x00000188       0x31 ./system/src/diag/trace-impl.o
 .ARM.attributes
                0x000001b9       0x31 ./system/src/diag/trace.o
 .ARM.attributes
                0x000001ea       0x31 ./system/src/cortexm/exception-handlers.o
 .ARM.attributes
                0x0000021b       0x31 ./system/src/cortexm/initialize-hardware.o
 .ARM.attributes
                0x0000024c       0x31 ./system/src/cmsis/system_stm32f0xx.o
 .ARM.attributes
                0x0000027d       0x31 ./system/src/cmsis/vectors_stm32f051x8.o
 .ARM.attributes
                0x000002ae       0x31 ./src/initialize-hardware.o
 .ARM.attributes
                0x000002df       0x31 ./src/main.o
 .ARM.attributes
                0x00000310       0x31 ./src/stm32f0xx_hal_msp.o
 .ARM.attributes
                0x00000341       0x1e c:/dev/gnu tools arm embedded/5.4 2016q3/bin/../lib/gcc/arm-none-eabi/5.4.1/armv6-m\libgcc.a(_udivsi3.o)
 .ARM.attributes
                0x0000035f       0x1e c:/dev/gnu tools arm embedded/5.4 2016q3/bin/../lib/gcc/arm-none-eabi/5.4.1/armv6-m\libgcc.a(_dvmd_tls.o)
 .ARM.attributes
                0x0000037d       0x2c c:/dev/gnu tools arm embedded/5.4 2016q3/bin/../lib/gcc/arm-none-eabi/5.4.1/armv6-m\libgcc.a(_fixunssfsi.o)
 .ARM.attributes
                0x000003a9       0x2c c:/dev/gnu tools arm embedded/5.4 2016q3/bin/../lib/gcc/arm-none-eabi/5.4.1/armv6-m\libgcc.a(divsf3.o)
 .ARM.attributes
                0x000003d5       0x2c c:/dev/gnu tools arm embedded/5.4 2016q3/bin/../lib/gcc/arm-none-eabi/5.4.1/armv6-m\libgcc.a(mulsf3.o)
 .ARM.attributes
                0x00000401       0x2c c:/dev/gnu tools arm embedded/5.4 2016q3/bin/../lib/gcc/arm-none-eabi/5.4.1/armv6-m\libgcc.a(subsf3.o)
 .ARM.attributes
                0x0000042d       0x2c c:/dev/gnu tools arm embedded/5.4 2016q3/bin/../lib/gcc/arm-none-eabi/5.4.1/armv6-m\libgcc.a(fixsfsi.o)
 .ARM.attributes
                0x00000459       0x2c c:/dev/gnu tools arm embedded/5.4 2016q3/bin/../lib/gcc/arm-none-eabi/5.4.1/armv6-m\libgcc.a(floatunsisf.o)
 .ARM.attributes
                0x00000485       0x2c c:/dev/gnu tools arm embedded/5.4 2016q3/bin/../lib/gcc/arm-none-eabi/5.4.1/armv6-m\libgcc.a(extendsfdf2.o)
 .ARM.attributes
                0x000004b1       0x1e c:/dev/gnu tools arm embedded/5.4 2016q3/bin/../lib/gcc/arm-none-eabi/5.4.1/armv6-m\libgcc.a(_arm_cmpsf2.o)
 .ARM.attributes
                0x000004cf       0x1e c:/dev/gnu tools arm embedded/5.4 2016q3/bin/../lib/gcc/arm-none-eabi/5.4.1/armv6-m\libgcc.a(_clzsi2.o)
 .ARM.attributes
                0x000004ed       0x2c c:/dev/gnu tools arm embedded/5.4 2016q3/bin/../lib/gcc/arm-none-eabi/5.4.1/armv6-m\libgcc.a(eqsf2.o)
 .ARM.attributes
                0x00000519       0x2c c:/dev/gnu tools arm embedded/5.4 2016q3/bin/../lib/gcc/arm-none-eabi/5.4.1/armv6-m\libgcc.a(gesf2.o)
 .ARM.attributes
                0x00000545       0x2c c:/dev/gnu tools arm embedded/5.4 2016q3/bin/../lib/gcc/arm-none-eabi/5.4.1/armv6-m\libgcc.a(lesf2.o)
 .ARM.attributes
                0x00000571       0x2c c:/dev/gnu tools arm embedded/5.4 2016q3/bin/../lib/gcc/arm-none-eabi/5.4.1/../../../../arm-none-eabi/lib/armv6-m\libg_nano.a(lib_a-errno.o)
 .ARM.attributes
                0x0000059d       0x2c c:/dev/gnu tools arm embedded/5.4 2016q3/bin/../lib/gcc/arm-none-eabi/5.4.1/../../../../arm-none-eabi/lib/armv6-m\libg_nano.a(lib_a-impure.o)
 .ARM.attributes
                0x000005c9       0x2c c:/dev/gnu tools arm embedded/5.4 2016q3/bin/../lib/gcc/arm-none-eabi/5.4.1/../../../../arm-none-eabi/lib/armv6-m\libg_nano.a(lib_a-memcpy-stub.o)
 .ARM.attributes
                0x000005f5       0x2c c:/dev/gnu tools arm embedded/5.4 2016q3/bin/../lib/gcc/arm-none-eabi/5.4.1/../../../../arm-none-eabi/lib/armv6-m\libg_nano.a(lib_a-nano-vfprintf_float.o)
 .ARM.attributes
                0x00000621       0x2c c:/dev/gnu tools arm embedded/5.4 2016q3/bin/../lib/gcc/arm-none-eabi/5.4.1/../../../../arm-none-eabi/lib/armv6-m\libg_nano.a(lib_a-nano-vfprintf_i.o)
 .ARM.attributes
                0x0000064d       0x2c c:/dev/gnu tools arm embedded/5.4 2016q3/bin/../lib/gcc/arm-none-eabi/5.4.1/../../../../arm-none-eabi/lib/armv6-m\libg_nano.a(lib_a-snprintf.o)
 .ARM.attributes
                0x00000679       0x1c c:/dev/gnu tools arm embedded/5.4 2016q3/bin/../lib/gcc/arm-none-eabi/5.4.1/../../../../arm-none-eabi/lib/armv6-m\libg_nano.a(lib_a-strlen.o)
 .ARM.attributes
                0x00000695       0x2c c:/dev/gnu tools arm embedded/5.4 2016q3/bin/../lib/gcc/arm-none-eabi/5.4.1/../../../../arm-none-eabi/lib/armv6-m\libg_nano.a(lib_a-vsnprintf.o)
 .ARM.attributes
                0x000006c1       0x2c c:/dev/gnu tools arm embedded/5.4 2016q3/bin/../lib/gcc/arm-none-eabi/5.4.1/../../../../arm-none-eabi/lib/armv6-m\libg_nano.a(lib_a-dtoa.o)
 .ARM.attributes
                0x000006ed       0x2c c:/dev/gnu tools arm embedded/5.4 2016q3/bin/../lib/gcc/arm-none-eabi/5.4.1/../../../../arm-none-eabi/lib/armv6-m\libg_nano.a(lib_a-localeconv.o)
 .ARM.attributes
                0x00000719       0x2c c:/dev/gnu tools arm embedded/5.4 2016q3/bin/../lib/gcc/arm-none-eabi/5.4.1/../../../../arm-none-eabi/lib/armv6-m\libg_nano.a(lib_a-malloc.o)
 .ARM.attributes
                0x00000745       0x2c c:/dev/gnu tools arm embedded/5.4 2016q3/bin/../lib/gcc/arm-none-eabi/5.4.1/../../../../arm-none-eabi/lib/armv6-m\libg_nano.a(lib_a-memchr-stub.o)
 .ARM.attributes
                0x00000771       0x2c c:/dev/gnu tools arm embedded/5.4 2016q3/bin/../lib/gcc/arm-none-eabi/5.4.1/../../../../arm-none-eabi/lib/armv6-m\libg_nano.a(lib_a-mprec.o)
 .ARM.attributes
                0x0000079d       0x2c c:/dev/gnu tools arm embedded/5.4 2016q3/bin/../lib/gcc/arm-none-eabi/5.4.1/../../../../arm-none-eabi/lib/armv6-m\libg_nano.a(lib_a-nano-callocr.o)
 .ARM.attributes
                0x000007c9       0x2c c:/dev/gnu tools arm embedded/5.4 2016q3/bin/../lib/gcc/arm-none-eabi/5.4.1/../../../../arm-none-eabi/lib/armv6-m\libg_nano.a(lib_a-nano-freer.o)
 .ARM.attributes
                0x000007f5       0x2c c:/dev/gnu tools arm embedded/5.4 2016q3/bin/../lib/gcc/arm-none-eabi/5.4.1/../../../../arm-none-eabi/lib/armv6-m\libg_nano.a(lib_a-nano-mallocr.o)
 .ARM.attributes
                0x00000821       0x2c c:/dev/gnu tools arm embedded/5.4 2016q3/bin/../lib/gcc/arm-none-eabi/5.4.1/../../../../arm-none-eabi/lib/armv6-m\libg_nano.a(lib_a-nano-svfprintf.o)
 .ARM.attributes
                0x0000084d       0x2c c:/dev/gnu tools arm embedded/5.4 2016q3/bin/../lib/gcc/arm-none-eabi/5.4.1/../../../../arm-none-eabi/lib/armv6-m\libg_nano.a(lib_a-sbrkr.o)
 .ARM.attributes
                0x00000879       0x2c c:/dev/gnu tools arm embedded/5.4 2016q3/bin/../lib/gcc/arm-none-eabi/5.4.1/../../../../arm-none-eabi/lib/armv6-m\libg_nano.a(lib_a-locale.o)
 .ARM.attributes
                0x000008a5       0x2c c:/dev/gnu tools arm embedded/5.4 2016q3/bin/../lib/gcc/arm-none-eabi/5.4.1/../../../../arm-none-eabi/lib/armv6-m\libg_nano.a(lib_a-mbtowc_r.o)
 .ARM.attributes
                0x000008d1       0x2c c:/dev/gnu tools arm embedded/5.4 2016q3/bin/../lib/gcc/arm-none-eabi/5.4.1/../../../../arm-none-eabi/lib/armv6-m\libg_nano.a(lib_a-memmove.o)
 .ARM.attributes
                0x000008fd       0x2c c:/dev/gnu tools arm embedded/5.4 2016q3/bin/../lib/gcc/arm-none-eabi/5.4.1/../../../../arm-none-eabi/lib/armv6-m\libg_nano.a(lib_a-memset.o)
 .ARM.attributes
                0x00000929       0x2c c:/dev/gnu tools arm embedded/5.4 2016q3/bin/../lib/gcc/arm-none-eabi/5.4.1/../../../../arm-none-eabi/lib/armv6-m\libg_nano.a(lib_a-mlock.o)
 .ARM.attributes
                0x00000955       0x2c c:/dev/gnu tools arm embedded/5.4 2016q3/bin/../lib/gcc/arm-none-eabi/5.4.1/../../../../arm-none-eabi/lib/armv6-m\libg_nano.a(lib_a-nano-reallocr.o)
 .ARM.attributes
                0x00000981       0x2c c:/dev/gnu tools arm embedded/5.4 2016q3/bin/../lib/gcc/arm-none-eabi/5.4.1/../../../../arm-none-eabi/lib/armv6-m\libg_nano.a(lib_a-wctomb_r.o)
 .ARM.attributes
                0x000009ad       0x2c c:/dev/gnu tools arm embedded/5.4 2016q3/bin/../lib/gcc/arm-none-eabi/5.4.1/../../../../arm-none-eabi/lib/armv6-m\libg_nano.a(lib_a-ctype_.o)
 .ARM.attributes
                0x000009d9       0x2c c:/dev/gnu tools arm embedded/5.4 2016q3/bin/../lib/gcc/arm-none-eabi/5.4.1/../../../../arm-none-eabi/lib/armv6-m\libg_nano.a(lib_a-nano-msizer.o)
 .ARM.attributes
                0x00000a05       0x1e c:/dev/gnu tools arm embedded/5.4 2016q3/bin/../lib/gcc/arm-none-eabi/5.4.1/armv6-m\libgcc.a(_thumb1_case_uqi.o)
 .ARM.attributes
                0x00000a23       0x1e c:/dev/gnu tools arm embedded/5.4 2016q3/bin/../lib/gcc/arm-none-eabi/5.4.1/armv6-m\libgcc.a(_divsi3.o)
 .ARM.attributes
                0x00000a41       0x1e c:/dev/gnu tools arm embedded/5.4 2016q3/bin/../lib/gcc/arm-none-eabi/5.4.1/armv6-m\libgcc.a(_arm_cmpdf2.o)
 .ARM.attributes
                0x00000a5f       0x2c c:/dev/gnu tools arm embedded/5.4 2016q3/bin/../lib/gcc/arm-none-eabi/5.4.1/armv6-m\libgcc.a(adddf3.o)
 .ARM.attributes
                0x00000a8b       0x2c c:/dev/gnu tools arm embedded/5.4 2016q3/bin/../lib/gcc/arm-none-eabi/5.4.1/armv6-m\libgcc.a(divdf3.o)
 .ARM.attributes
                0x00000ab7       0x2c c:/dev/gnu tools arm embedded/5.4 2016q3/bin/../lib/gcc/arm-none-eabi/5.4.1/armv6-m\libgcc.a(eqdf2.o)
 .ARM.attributes
                0x00000ae3       0x2c c:/dev/gnu tools arm embedded/5.4 2016q3/bin/../lib/gcc/arm-none-eabi/5.4.1/armv6-m\libgcc.a(gedf2.o)
 .ARM.attributes
                0x00000b0f       0x2c c:/dev/gnu tools arm embedded/5.4 2016q3/bin/../lib/gcc/arm-none-eabi/5.4.1/armv6-m\libgcc.a(ledf2.o)
 .ARM.attributes
                0x00000b3b       0x2c c:/dev/gnu tools arm embedded/5.4 2016q3/bin/../lib/gcc/arm-none-eabi/5.4.1/armv6-m\libgcc.a(muldf3.o)
 .ARM.attributes
                0x00000b67       0x2c c:/dev/gnu tools arm embedded/5.4 2016q3/bin/../lib/gcc/arm-none-eabi/5.4.1/armv6-m\libgcc.a(subdf3.o)
 .ARM.attributes
                0x00000b93       0x2c c:/dev/gnu tools arm embedded/5.4 2016q3/bin/../lib/gcc/arm-none-eabi/5.4.1/armv6-m\libgcc.a(unorddf2.o)
 .ARM.attributes
                0x00000bbf       0x2c c:/dev/gnu tools arm embedded/5.4 2016q3/bin/../lib/gcc/arm-none-eabi/5.4.1/armv6-m\libgcc.a(fixdfsi.o)
 .ARM.attributes
                0x00000beb       0x2c c:/dev/gnu tools arm embedded/5.4 2016q3/bin/../lib/gcc/arm-none-eabi/5.4.1/armv6-m\libgcc.a(floatsidf.o)
 .ARM.attributes
                0x00000c17       0x2c c:/dev/gnu tools arm embedded/5.4 2016q3/bin/../lib/gcc/arm-none-eabi/5.4.1/armv6-m\libgcc.a(floatunsidf.o)

.debug
 *(.debug)

.line
 *(.line)

.debug_srcinfo
 *(.debug_srcinfo)

.debug_sfnames
 *(.debug_sfnames)

.debug_aranges  0x00000000      0x788
 *(.debug_aranges)
 .debug_aranges
                0x00000000       0xd0 ./system/src/stm32f0-hal/stm32f0xx_hal.o
 .debug_aranges
                0x000000d0       0x78 ./system/src/stm32f0-hal/stm32f0xx_hal_cortex.o
 .debug_aranges
                0x00000148       0x80 ./system/src/stm32f0-hal/stm32f0xx_hal_rcc.o
 .debug_aranges
                0x000001c8      0x1f8 ./system/src/stm32f0-hal/stm32f0xx_hal_spi.o
 .debug_aranges
                0x000003c0       0x28 ./system/src/newlib/exit.o
 .debug_aranges
                0x000003e8       0x20 ./system/src/newlib/sbrk.o
 .debug_aranges
                0x00000408       0x40 ./system/src/newlib/startup.o
 .debug_aranges
                0x00000448       0xd0 ./system/src/newlib/syscalls.o
 .debug_aranges
                0x00000518       0x30 ./system/src/diag/trace-impl.o
 .debug_aranges
                0x00000548       0x38 ./system/src/diag/trace.o
 .debug_aranges
                0x00000580       0x58 ./system/src/cortexm/exception-handlers.o
 .debug_aranges
                0x000005d8       0x28 ./system/src/cortexm/initialize-hardware.o
 .debug_aranges
                0x00000600       0x28 ./system/src/cmsis/system_stm32f0xx.o
 .debug_aranges
                0x00000628       0x20 ./system/src/cmsis/vectors_stm32f051x8.o
 .debug_aranges
                0x00000648       0x30 ./src/initialize-hardware.o
 .debug_aranges
                0x00000678       0xd8 ./src/main.o
 .debug_aranges
                0x00000750       0x38 ./src/stm32f0xx_hal_msp.o

.debug_pubnames
 *(.debug_pubnames)

.debug_info     0x00000000     0x764f
 *(.debug_info .gnu.linkonce.wi.*)
 .debug_info    0x00000000      0x6fe ./system/src/stm32f0-hal/stm32f0xx_hal.o
 .debug_info    0x000006fe      0x873 ./system/src/stm32f0-hal/stm32f0xx_hal_cortex.o
 .debug_info    0x00000f71      0xcb1 ./system/src/stm32f0-hal/stm32f0xx_hal_rcc.o
 .debug_info    0x00001c22     0x247d ./system/src/stm32f0-hal/stm32f0xx_hal_spi.o
 .debug_info    0x0000409f       0xef ./system/src/newlib/exit.o
 .debug_info    0x0000418e      0x11f ./system/src/newlib/sbrk.o
 .debug_info    0x000042ad      0x460 ./system/src/newlib/startup.o
 .debug_info    0x0000470d      0x988 ./system/src/newlib/syscalls.o
 .debug_info    0x00005095      0x2eb ./system/src/diag/trace-impl.o
 .debug_info    0x00005380      0x2e7 ./system/src/diag/trace.o
 .debug_info    0x00005667      0x332 ./system/src/cortexm/exception-handlers.o
 .debug_info    0x00005999       0xd2 ./system/src/cortexm/initialize-hardware.o
 .debug_info    0x00005a6b      0x23f ./system/src/cmsis/system_stm32f0xx.o
 .debug_info    0x00005caa       0xd0 ./system/src/cmsis/vectors_stm32f051x8.o
 .debug_info    0x00005d7a      0x1b8 ./src/initialize-hardware.o
 .debug_info    0x00005f32     0x165b ./src/main.o
 .debug_info    0x0000758d       0xc2 ./src/stm32f0xx_hal_msp.o

.debug_abbrev   0x00000000     0x1854
 *(.debug_abbrev)
 .debug_abbrev  0x00000000      0x224 ./system/src/stm32f0-hal/stm32f0xx_hal.o
 .debug_abbrev  0x00000224      0x27a ./system/src/stm32f0-hal/stm32f0xx_hal_cortex.o
 .debug_abbrev  0x0000049e      0x257 ./system/src/stm32f0-hal/stm32f0xx_hal_rcc.o
 .debug_abbrev  0x000006f5      0x240 ./system/src/stm32f0-hal/stm32f0xx_hal_spi.o
 .debug_abbrev  0x00000935       0x8e ./system/src/newlib/exit.o
 .debug_abbrev  0x000009c3       0xb9 ./system/src/newlib/sbrk.o
 .debug_abbrev  0x00000a7c      0x1ac ./system/src/newlib/startup.o
 .debug_abbrev  0x00000c28      0x169 ./system/src/newlib/syscalls.o
 .debug_abbrev  0x00000d91      0x1ae ./system/src/diag/trace-impl.o
 .debug_abbrev  0x00000f3f      0x156 ./system/src/diag/trace.o
 .debug_abbrev  0x00001095      0x15c ./system/src/cortexm/exception-handlers.o
 .debug_abbrev  0x000011f1       0x63 ./system/src/cortexm/initialize-hardware.o
 .debug_abbrev  0x00001254       0xf3 ./system/src/cmsis/system_stm32f0xx.o
 .debug_abbrev  0x00001347       0x9d ./system/src/cmsis/vectors_stm32f051x8.o
 .debug_abbrev  0x000013e4       0xe7 ./src/initialize-hardware.o
 .debug_abbrev  0x000014cb      0x344 ./src/main.o
 .debug_abbrev  0x0000180f       0x45 ./src/stm32f0xx_hal_msp.o

.debug_line     0x00000000     0x8134
 *(.debug_line)
 .debug_line    0x00000000      0x8e7 ./system/src/stm32f0-hal/stm32f0xx_hal.o
 .debug_line    0x000008e7      0x8bf ./system/src/stm32f0-hal/stm32f0xx_hal_cortex.o
 .debug_line    0x000011a6      0xb53 ./system/src/stm32f0-hal/stm32f0xx_hal_rcc.o
 .debug_line    0x00001cf9     0x14ca ./system/src/stm32f0-hal/stm32f0xx_hal_spi.o
 .debug_line    0x000031c3      0x2fc ./system/src/newlib/exit.o
 .debug_line    0x000034bf      0x2ac ./system/src/newlib/sbrk.o
 .debug_line    0x0000376b      0x36c ./system/src/newlib/startup.o
 .debug_line    0x00003ad7      0x521 ./system/src/newlib/syscalls.o
 .debug_line    0x00003ff8      0x8b6 ./system/src/diag/trace-impl.o
 .debug_line    0x000048ae      0x36c ./system/src/diag/trace.o
 .debug_line    0x00004c1a      0x906 ./system/src/cortexm/exception-handlers.o
 .debug_line    0x00005520      0x751 ./system/src/cortexm/initialize-hardware.o
 .debug_line    0x00005c71      0x749 ./system/src/cmsis/system_stm32f0xx.o
 .debug_line    0x000063ba      0x20c ./system/src/cmsis/vectors_stm32f051x8.o
 .debug_line    0x000065c6      0x84c ./src/initialize-hardware.o
 .debug_line    0x00006e12      0xbd6 ./src/main.o
 .debug_line    0x000079e8      0x74c ./src/stm32f0xx_hal_msp.o

.debug_frame    0x00000000     0x1e4c
 *(.debug_frame)
 .debug_frame   0x00000000      0x1b0 ./system/src/stm32f0-hal/stm32f0xx_hal.o
 .debug_frame   0x000001b0      0x114 ./system/src/stm32f0-hal/stm32f0xx_hal_cortex.o
 .debug_frame   0x000002c4      0x144 ./system/src/stm32f0-hal/stm32f0xx_hal_rcc.o
 .debug_frame   0x00000408      0x5fc ./system/src/stm32f0-hal/stm32f0xx_hal_spi.o
 .debug_frame   0x00000a04       0x38 ./system/src/newlib/exit.o
 .debug_frame   0x00000a3c       0x28 ./system/src/newlib/sbrk.o
 .debug_frame   0x00000a64       0x80 ./system/src/newlib/startup.o
 .debug_frame   0x00000ae4      0x230 ./system/src/newlib/syscalls.o
 .debug_frame   0x00000d14       0x60 ./system/src/diag/trace-impl.o
 .debug_frame   0x00000d74       0x78 ./system/src/diag/trace.o
 .debug_frame   0x00000dec       0xb0 ./system/src/cortexm/exception-handlers.o
 .debug_frame   0x00000e9c       0x40 ./system/src/cortexm/initialize-hardware.o
 .debug_frame   0x00000edc       0x38 ./system/src/cmsis/system_stm32f0xx.o
 .debug_frame   0x00000f14       0x20 ./system/src/cmsis/vectors_stm32f051x8.o
 .debug_frame   0x00000f34       0x58 ./src/initialize-hardware.o
 .debug_frame   0x00000f8c      0x24c ./src/main.o
 .debug_frame   0x000011d8       0x50 ./src/stm32f0xx_hal_msp.o
 .debug_frame   0x00001228       0x20 c:/dev/gnu tools arm embedded/5.4 2016q3/bin/../lib/gcc/arm-none-eabi/5.4.1/armv6-m\libgcc.a(_udivsi3.o)
 .debug_frame   0x00001248       0x28 c:/dev/gnu tools arm embedded/5.4 2016q3/bin/../lib/gcc/arm-none-eabi/5.4.1/armv6-m\libgcc.a(_fixunssfsi.o)
 .debug_frame   0x00001270       0x3c c:/dev/gnu tools arm embedded/5.4 2016q3/bin/../lib/gcc/arm-none-eabi/5.4.1/armv6-m\libgcc.a(divsf3.o)
 .debug_frame   0x000012ac       0x38 c:/dev/gnu tools arm embedded/5.4 2016q3/bin/../lib/gcc/arm-none-eabi/5.4.1/armv6-m\libgcc.a(mulsf3.o)
 .debug_frame   0x000012e4       0x30 c:/dev/gnu tools arm embedded/5.4 2016q3/bin/../lib/gcc/arm-none-eabi/5.4.1/armv6-m\libgcc.a(subsf3.o)
 .debug_frame   0x00001314       0x20 c:/dev/gnu tools arm embedded/5.4 2016q3/bin/../lib/gcc/arm-none-eabi/5.4.1/armv6-m\libgcc.a(fixsfsi.o)
 .debug_frame   0x00001334       0x2c c:/dev/gnu tools arm embedded/5.4 2016q3/bin/../lib/gcc/arm-none-eabi/5.4.1/armv6-m\libgcc.a(floatunsisf.o)
 .debug_frame   0x00001360       0x2c c:/dev/gnu tools arm embedded/5.4 2016q3/bin/../lib/gcc/arm-none-eabi/5.4.1/armv6-m\libgcc.a(extendsfdf2.o)
 .debug_frame   0x0000138c       0x2c c:/dev/gnu tools arm embedded/5.4 2016q3/bin/../lib/gcc/arm-none-eabi/5.4.1/armv6-m\libgcc.a(eqsf2.o)
 .debug_frame   0x000013b8       0x30 c:/dev/gnu tools arm embedded/5.4 2016q3/bin/../lib/gcc/arm-none-eabi/5.4.1/armv6-m\libgcc.a(gesf2.o)
 .debug_frame   0x000013e8       0x30 c:/dev/gnu tools arm embedded/5.4 2016q3/bin/../lib/gcc/arm-none-eabi/5.4.1/armv6-m\libgcc.a(lesf2.o)
 .debug_frame   0x00001418       0x20 c:/dev/gnu tools arm embedded/5.4 2016q3/bin/../lib/gcc/arm-none-eabi/5.4.1/../../../../arm-none-eabi/lib/armv6-m\libg_nano.a(lib_a-errno.o)
 .debug_frame   0x00001438       0x28 c:/dev/gnu tools arm embedded/5.4 2016q3/bin/../lib/gcc/arm-none-eabi/5.4.1/../../../../arm-none-eabi/lib/armv6-m\libg_nano.a(lib_a-memcpy-stub.o)
 .debug_frame   0x00001460       0x74 c:/dev/gnu tools arm embedded/5.4 2016q3/bin/../lib/gcc/arm-none-eabi/5.4.1/../../../../arm-none-eabi/lib/armv6-m\libg_nano.a(lib_a-nano-vfprintf_float.o)
 .debug_frame   0x000014d4       0x54 c:/dev/gnu tools arm embedded/5.4 2016q3/bin/../lib/gcc/arm-none-eabi/5.4.1/../../../../arm-none-eabi/lib/armv6-m\libg_nano.a(lib_a-nano-vfprintf_i.o)
 .debug_frame   0x00001528       0x50 c:/dev/gnu tools arm embedded/5.4 2016q3/bin/../lib/gcc/arm-none-eabi/5.4.1/../../../../arm-none-eabi/lib/armv6-m\libg_nano.a(lib_a-snprintf.o)
 .debug_frame   0x00001578       0x48 c:/dev/gnu tools arm embedded/5.4 2016q3/bin/../lib/gcc/arm-none-eabi/5.4.1/../../../../arm-none-eabi/lib/armv6-m\libg_nano.a(lib_a-vsnprintf.o)
 .debug_frame   0x000015c0       0x54 c:/dev/gnu tools arm embedded/5.4 2016q3/bin/../lib/gcc/arm-none-eabi/5.4.1/../../../../arm-none-eabi/lib/armv6-m\libg_nano.a(lib_a-dtoa.o)
 .debug_frame   0x00001614       0x40 c:/dev/gnu tools arm embedded/5.4 2016q3/bin/../lib/gcc/arm-none-eabi/5.4.1/../../../../arm-none-eabi/lib/armv6-m\libg_nano.a(lib_a-localeconv.o)
 .debug_frame   0x00001654       0x40 c:/dev/gnu tools arm embedded/5.4 2016q3/bin/../lib/gcc/arm-none-eabi/5.4.1/../../../../arm-none-eabi/lib/armv6-m\libg_nano.a(lib_a-malloc.o)
 .debug_frame   0x00001694       0x20 c:/dev/gnu tools arm embedded/5.4 2016q3/bin/../lib/gcc/arm-none-eabi/5.4.1/../../../../arm-none-eabi/lib/armv6-m\libg_nano.a(lib_a-memchr-stub.o)
 .debug_frame   0x000016b4      0x238 c:/dev/gnu tools arm embedded/5.4 2016q3/bin/../lib/gcc/arm-none-eabi/5.4.1/../../../../arm-none-eabi/lib/armv6-m\libg_nano.a(lib_a-mprec.o)
 .debug_frame   0x000018ec       0x2c c:/dev/gnu tools arm embedded/5.4 2016q3/bin/../lib/gcc/arm-none-eabi/5.4.1/../../../../arm-none-eabi/lib/armv6-m\libg_nano.a(lib_a-nano-callocr.o)
 .debug_frame   0x00001918       0x2c c:/dev/gnu tools arm embedded/5.4 2016q3/bin/../lib/gcc/arm-none-eabi/5.4.1/../../../../arm-none-eabi/lib/armv6-m\libg_nano.a(lib_a-nano-freer.o)
 .debug_frame   0x00001944       0x2c c:/dev/gnu tools arm embedded/5.4 2016q3/bin/../lib/gcc/arm-none-eabi/5.4.1/../../../../arm-none-eabi/lib/armv6-m\libg_nano.a(lib_a-nano-mallocr.o)
 .debug_frame   0x00001970       0x74 c:/dev/gnu tools arm embedded/5.4 2016q3/bin/../lib/gcc/arm-none-eabi/5.4.1/../../../../arm-none-eabi/lib/armv6-m\libg_nano.a(lib_a-nano-svfprintf.o)
 .debug_frame   0x000019e4       0x2c c:/dev/gnu tools arm embedded/5.4 2016q3/bin/../lib/gcc/arm-none-eabi/5.4.1/../../../../arm-none-eabi/lib/armv6-m\libg_nano.a(lib_a-sbrkr.o)
 .debug_frame   0x00001a10       0x94 c:/dev/gnu tools arm embedded/5.4 2016q3/bin/../lib/gcc/arm-none-eabi/5.4.1/../../../../arm-none-eabi/lib/armv6-m\libg_nano.a(lib_a-locale.o)
 .debug_frame   0x00001aa4       0x44 c:/dev/gnu tools arm embedded/5.4 2016q3/bin/../lib/gcc/arm-none-eabi/5.4.1/../../../../arm-none-eabi/lib/armv6-m\libg_nano.a(lib_a-mbtowc_r.o)
 .debug_frame   0x00001ae8       0x28 c:/dev/gnu tools arm embedded/5.4 2016q3/bin/../lib/gcc/arm-none-eabi/5.4.1/../../../../arm-none-eabi/lib/armv6-m\libg_nano.a(lib_a-memmove.o)
 .debug_frame   0x00001b10       0x20 c:/dev/gnu tools arm embedded/5.4 2016q3/bin/../lib/gcc/arm-none-eabi/5.4.1/../../../../arm-none-eabi/lib/armv6-m\libg_nano.a(lib_a-memset.o)
 .debug_frame   0x00001b30       0x30 c:/dev/gnu tools arm embedded/5.4 2016q3/bin/../lib/gcc/arm-none-eabi/5.4.1/../../../../arm-none-eabi/lib/armv6-m\libg_nano.a(lib_a-mlock.o)
 .debug_frame   0x00001b60       0x30 c:/dev/gnu tools arm embedded/5.4 2016q3/bin/../lib/gcc/arm-none-eabi/5.4.1/../../../../arm-none-eabi/lib/armv6-m\libg_nano.a(lib_a-nano-reallocr.o)
 .debug_frame   0x00001b90       0x38 c:/dev/gnu tools arm embedded/5.4 2016q3/bin/../lib/gcc/arm-none-eabi/5.4.1/../../../../arm-none-eabi/lib/armv6-m\libg_nano.a(lib_a-wctomb_r.o)
 .debug_frame   0x00001bc8       0x20 c:/dev/gnu tools arm embedded/5.4 2016q3/bin/../lib/gcc/arm-none-eabi/5.4.1/../../../../arm-none-eabi/lib/armv6-m\libg_nano.a(lib_a-nano-msizer.o)
 .debug_frame   0x00001be8       0x20 c:/dev/gnu tools arm embedded/5.4 2016q3/bin/../lib/gcc/arm-none-eabi/5.4.1/armv6-m\libgcc.a(_divsi3.o)
 .debug_frame   0x00001c08       0x3c c:/dev/gnu tools arm embedded/5.4 2016q3/bin/../lib/gcc/arm-none-eabi/5.4.1/armv6-m\libgcc.a(adddf3.o)
 .debug_frame   0x00001c44       0x3c c:/dev/gnu tools arm embedded/5.4 2016q3/bin/../lib/gcc/arm-none-eabi/5.4.1/armv6-m\libgcc.a(divdf3.o)
 .debug_frame   0x00001c80       0x38 c:/dev/gnu tools arm embedded/5.4 2016q3/bin/../lib/gcc/arm-none-eabi/5.4.1/armv6-m\libgcc.a(eqdf2.o)
 .debug_frame   0x00001cb8       0x38 c:/dev/gnu tools arm embedded/5.4 2016q3/bin/../lib/gcc/arm-none-eabi/5.4.1/armv6-m\libgcc.a(gedf2.o)
 .debug_frame   0x00001cf0       0x38 c:/dev/gnu tools arm embedded/5.4 2016q3/bin/../lib/gcc/arm-none-eabi/5.4.1/armv6-m\libgcc.a(ledf2.o)
 .debug_frame   0x00001d28       0x3c c:/dev/gnu tools arm embedded/5.4 2016q3/bin/../lib/gcc/arm-none-eabi/5.4.1/armv6-m\libgcc.a(muldf3.o)
 .debug_frame   0x00001d64       0x38 c:/dev/gnu tools arm embedded/5.4 2016q3/bin/../lib/gcc/arm-none-eabi/5.4.1/armv6-m\libgcc.a(subdf3.o)
 .debug_frame   0x00001d9c       0x2c c:/dev/gnu tools arm embedded/5.4 2016q3/bin/../lib/gcc/arm-none-eabi/5.4.1/armv6-m\libgcc.a(unorddf2.o)
 .debug_frame   0x00001dc8       0x2c c:/dev/gnu tools arm embedded/5.4 2016q3/bin/../lib/gcc/arm-none-eabi/5.4.1/armv6-m\libgcc.a(fixdfsi.o)
 .debug_frame   0x00001df4       0x2c c:/dev/gnu tools arm embedded/5.4 2016q3/bin/../lib/gcc/arm-none-eabi/5.4.1/armv6-m\libgcc.a(floatsidf.o)
 .debug_frame   0x00001e20       0x2c c:/dev/gnu tools arm embedded/5.4 2016q3/bin/../lib/gcc/arm-none-eabi/5.4.1/armv6-m\libgcc.a(floatunsidf.o)

.debug_str      0x00000000    0x72823
 *(.debug_str)
 .debug_str     0x00000000    0x6ae19 ./system/src/stm32f0-hal/stm32f0xx_hal.o
                              0x6b0ce (size before relaxing)
 .debug_str     0x0006ae19      0x1ee ./system/src/stm32f0-hal/stm32f0xx_hal_cortex.o
                              0x6aecd (size before relaxing)
 .debug_str     0x0006b007      0x3f8 ./system/src/stm32f0-hal/stm32f0xx_hal_rcc.o
                              0x6af4a (size before relaxing)
 .debug_str     0x0006b3ff      0x9a8 ./system/src/stm32f0-hal/stm32f0xx_hal_spi.o
                              0x6b4c6 (size before relaxing)
 .debug_str     0x0006bda7     0x4170 ./system/src/newlib/exit.o
                               0x6d46 (size before relaxing)
 .debug_str     0x0006ff17      0x4dd ./system/src/newlib/sbrk.o
                               0x6131 (size before relaxing)
 .debug_str     0x000703f4      0x25f ./system/src/newlib/startup.o
                               0x5cb1 (size before relaxing)
 .debug_str     0x00070653     0x104b ./system/src/newlib/syscalls.o
                               0x7247 (size before relaxing)
 .debug_str     0x0007169e      0x38d ./system/src/diag/trace-impl.o
                              0x6e1c2 (size before relaxing)
 .debug_str     0x00071a2b      0x884 ./system/src/diag/trace.o
                               0x7537 (size before relaxing)
 .debug_str     0x000722af      0x109 ./system/src/cortexm/exception-handlers.o
                              0x6ec21 (size before relaxing)
 .debug_str     0x000723b8       0x4d ./system/src/cortexm/initialize-hardware.o
                              0x6aa97 (size before relaxing)
 .debug_str     0x00072405       0x46 ./system/src/cmsis/system_stm32f0xx.o
                              0x6ab0b (size before relaxing)
 .debug_str     0x0007244b       0x59 ./system/src/cmsis/vectors_stm32f051x8.o
                               0x330f (size before relaxing)
 .debug_str     0x000724a4       0x30 ./src/initialize-hardware.o
                              0x6df19 (size before relaxing)
 .debug_str     0x000724d4      0x312 ./src/main.o
                              0x6fc51 (size before relaxing)
 .debug_str     0x000727e6       0x3d ./src/stm32f0xx_hal_msp.o
                              0x6aa56 (size before relaxing)

.debug_loc      0x00000000     0x3098
 *(.debug_loc)
 .debug_loc     0x00000000       0xf3 ./system/src/stm32f0-hal/stm32f0xx_hal.o
 .debug_loc     0x000000f3      0x349 ./system/src/stm32f0-hal/stm32f0xx_hal_cortex.o
 .debug_loc     0x0000043c      0x574 ./system/src/stm32f0-hal/stm32f0xx_hal_rcc.o
 .debug_loc     0x000009b0     0x16e3 ./system/src/stm32f0-hal/stm32f0xx_hal_spi.o
 .debug_loc     0x00002093       0x7b ./system/src/newlib/sbrk.o
 .debug_loc     0x0000210e      0x265 ./system/src/newlib/startup.o
 .debug_loc     0x00002373      0x549 ./system/src/newlib/syscalls.o
 .debug_loc     0x000028bc      0x17c ./system/src/diag/trace-impl.o
 .debug_loc     0x00002a38      0x102 ./system/src/diag/trace.o
 .debug_loc     0x00002b3a       0x94 ./system/src/cortexm/exception-handlers.o
 .debug_loc     0x00002bce       0xfe ./system/src/cmsis/system_stm32f0xx.o
 .debug_loc     0x00002ccc       0x58 ./src/initialize-hardware.o
 .debug_loc     0x00002d24      0x374 ./src/main.o

.debug_macinfo
 *(.debug_macinfo)

.debug_weaknames
 *(.debug_weaknames)

.debug_funcnames
 *(.debug_funcnames)

.debug_typenames
 *(.debug_typenames)

.debug_varnames
 *(.debug_varnames)
OUTPUT(ECE355_Lab.elf elf32-littlearm)

.debug_ranges   0x00000000      0x6f0
 .debug_ranges  0x00000000       0xc0 ./system/src/stm32f0-hal/stm32f0xx_hal.o
 .debug_ranges  0x000000c0       0x68 ./system/src/stm32f0-hal/stm32f0xx_hal_cortex.o
 .debug_ranges  0x00000128       0x88 ./system/src/stm32f0-hal/stm32f0xx_hal_rcc.o
 .debug_ranges  0x000001b0      0x1e8 ./system/src/stm32f0-hal/stm32f0xx_hal_spi.o
 .debug_ranges  0x00000398       0x18 ./system/src/newlib/exit.o
 .debug_ranges  0x000003b0       0x10 ./system/src/newlib/sbrk.o
 .debug_ranges  0x000003c0       0x48 ./system/src/newlib/startup.o
 .debug_ranges  0x00000408       0xc0 ./system/src/newlib/syscalls.o
 .debug_ranges  0x000004c8       0x38 ./system/src/diag/trace-impl.o
 .debug_ranges  0x00000500       0x28 ./system/src/diag/trace.o
 .debug_ranges  0x00000528       0x48 ./system/src/cortexm/exception-handlers.o
 .debug_ranges  0x00000570       0x18 ./system/src/cortexm/initialize-hardware.o
 .debug_ranges  0x00000588       0x18 ./system/src/cmsis/system_stm32f0xx.o
 .debug_ranges  0x000005a0       0x10 ./system/src/cmsis/vectors_stm32f051x8.o
 .debug_ranges  0x000005b0       0x20 ./src/initialize-hardware.o
 .debug_ranges  0x000005d0       0xf8 ./src/main.o
 .debug_ranges  0x000006c8       0x28 ./src/stm32f0xx_hal_msp.o

.debug_macro    0x00000000    0x12f6e
 .debug_macro   0x00000000      0x2e9 ./system/src/stm32f0-hal/stm32f0xx_hal.o
 .debug_macro   0x000002e9      0x83e ./system/src/stm32f0-hal/stm32f0xx_hal.o
 .debug_macro   0x00000b27      0x193 ./system/src/stm32f0-hal/stm32f0xx_hal.o
 .debug_macro   0x00000cba       0x2e ./system/src/stm32f0-hal/stm32f0xx_hal.o
 .debug_macro   0x00000ce8       0x22 ./system/src/stm32f0-hal/stm32f0xx_hal.o
 .debug_macro   0x00000d0a       0x22 ./system/src/stm32f0-hal/stm32f0xx_hal.o
 .debug_macro   0x00000d2c       0x87 ./system/src/stm32f0-hal/stm32f0xx_hal.o
 .debug_macro   0x00000db3       0x44 ./system/src/stm32f0-hal/stm32f0xx_hal.o
 .debug_macro   0x00000df7       0xfd ./system/src/stm32f0-hal/stm32f0xx_hal.o
 .debug_macro   0x00000ef4       0x5e ./system/src/stm32f0-hal/stm32f0xx_hal.o
 .debug_macro   0x00000f52      0x1df ./system/src/stm32f0-hal/stm32f0xx_hal.o
 .debug_macro   0x00001131       0x1c ./system/src/stm32f0-hal/stm32f0xx_hal.o
 .debug_macro   0x0000114d       0x22 ./system/src/stm32f0-hal/stm32f0xx_hal.o
 .debug_macro   0x0000116f       0xb5 ./system/src/stm32f0-hal/stm32f0xx_hal.o
 .debug_macro   0x00001224      0x391 ./system/src/stm32f0-hal/stm32f0xx_hal.o
 .debug_macro   0x000015b5     0x8cdd ./system/src/stm32f0-hal/stm32f0xx_hal.o
 .debug_macro   0x0000a292       0x3c ./system/src/stm32f0-hal/stm32f0xx_hal.o
 .debug_macro   0x0000a2ce      0x174 ./system/src/stm32f0-hal/stm32f0xx_hal.o
 .debug_macro   0x0000a442       0x54 ./system/src/stm32f0-hal/stm32f0xx_hal.o
 .debug_macro   0x0000a496      0x924 ./system/src/stm32f0-hal/stm32f0xx_hal.o
 .debug_macro   0x0000adba      0x251 ./system/src/stm32f0-hal/stm32f0xx_hal.o
 .debug_macro   0x0000b00b      0x12f ./system/src/stm32f0-hal/stm32f0xx_hal.o
 .debug_macro   0x0000b13a      0x114 ./system/src/stm32f0-hal/stm32f0xx_hal.o
 .debug_macro   0x0000b24e      0x1a0 ./system/src/stm32f0-hal/stm32f0xx_hal.o
 .debug_macro   0x0000b3ee      0x1ed ./system/src/stm32f0-hal/stm32f0xx_hal.o
 .debug_macro   0x0000b5db       0x34 ./system/src/stm32f0-hal/stm32f0xx_hal.o
 .debug_macro   0x0000b60f       0x43 ./system/src/stm32f0-hal/stm32f0xx_hal.o
 .debug_macro   0x0000b652       0x28 ./system/src/stm32f0-hal/stm32f0xx_hal.o
 .debug_macro   0x0000b67a      0x33d ./system/src/stm32f0-hal/stm32f0xx_hal.o
 .debug_macro   0x0000b9b7       0xd4 ./system/src/stm32f0-hal/stm32f0xx_hal.o
 .debug_macro   0x0000ba8b      0x313 ./system/src/stm32f0-hal/stm32f0xx_hal.o
 .debug_macro   0x0000bd9e      0x28d ./system/src/stm32f0-hal/stm32f0xx_hal.o
 .debug_macro   0x0000c02b       0x7a ./system/src/stm32f0-hal/stm32f0xx_hal.o
 .debug_macro   0x0000c0a5       0x4c ./system/src/stm32f0-hal/stm32f0xx_hal.o
 .debug_macro   0x0000c0f1       0xd5 ./system/src/stm32f0-hal/stm32f0xx_hal.o
 .debug_macro   0x0000c1c6       0xd9 ./system/src/stm32f0-hal/stm32f0xx_hal.o
 .debug_macro   0x0000c29f       0xb0 ./system/src/stm32f0-hal/stm32f0xx_hal.o
 .debug_macro   0x0000c34f      0x199 ./system/src/stm32f0-hal/stm32f0xx_hal.o
 .debug_macro   0x0000c4e8      0x22c ./system/src/stm32f0-hal/stm32f0xx_hal.o
 .debug_macro   0x0000c714       0x60 ./system/src/stm32f0-hal/stm32f0xx_hal.o
 .debug_macro   0x0000c774       0xa5 ./system/src/stm32f0-hal/stm32f0xx_hal.o
 .debug_macro   0x0000c819      0x1b5 ./system/src/stm32f0-hal/stm32f0xx_hal.o
 .debug_macro   0x0000c9ce      0x2b8 ./system/src/stm32f0-hal/stm32f0xx_hal.o
 .debug_macro   0x0000cc86       0x2a ./system/src/stm32f0-hal/stm32f0xx_hal.o
 .debug_macro   0x0000ccb0       0x85 ./system/src/stm32f0-hal/stm32f0xx_hal.o
 .debug_macro   0x0000cd35       0x4c ./system/src/stm32f0-hal/stm32f0xx_hal.o
 .debug_macro   0x0000cd81      0x112 ./system/src/stm32f0-hal/stm32f0xx_hal.o
 .debug_macro   0x0000ce93      0x2e2 ./system/src/stm32f0-hal/stm32f0xx_hal.o
 .debug_macro   0x0000d175      0x2ca ./system/src/stm32f0-hal/stm32f0xx_hal.o
 .debug_macro   0x0000d43f       0xdd ./system/src/stm32f0-hal/stm32f0xx_hal.o
 .debug_macro   0x0000d51c      0x2b8 ./system/src/stm32f0-hal/stm32f0xx_hal.o
 .debug_macro   0x0000d7d4      0x124 ./system/src/stm32f0-hal/stm32f0xx_hal.o
 .debug_macro   0x0000d8f8      0x35a ./system/src/stm32f0-hal/stm32f0xx_hal.o
 .debug_macro   0x0000dc52      0x305 ./system/src/stm32f0-hal/stm32f0xx_hal.o
 .debug_macro   0x0000df57      0x8ae ./system/src/stm32f0-hal/stm32f0xx_hal.o
 .debug_macro   0x0000e805       0x28 ./system/src/stm32f0-hal/stm32f0xx_hal.o
 .debug_macro   0x0000e82d      0x3d0 ./system/src/stm32f0-hal/stm32f0xx_hal.o
 .debug_macro   0x0000ebfd      0x589 ./system/src/stm32f0-hal/stm32f0xx_hal.o
 .debug_macro   0x0000f186       0x3e ./system/src/stm32f0-hal/stm32f0xx_hal.o
 .debug_macro   0x0000f1c4      0x279 ./system/src/stm32f0-hal/stm32f0xx_hal.o
 .debug_macro   0x0000f43d       0x2a ./system/src/stm32f0-hal/stm32f0xx_hal.o
 .debug_macro   0x0000f467       0x8d ./system/src/stm32f0-hal/stm32f0xx_hal.o
 .debug_macro   0x0000f4f4      0x114 ./system/src/stm32f0-hal/stm32f0xx_hal.o
 .debug_macro   0x0000f608      0x2c5 ./system/src/stm32f0-hal/stm32f0xx_hal_cortex.o
 .debug_macro   0x0000f8cd      0x2d7 ./system/src/stm32f0-hal/stm32f0xx_hal_rcc.o
 .debug_macro   0x0000fba4      0x2cd ./system/src/stm32f0-hal/stm32f0xx_hal_spi.o
 .debug_macro   0x0000fe71      0x19c ./system/src/newlib/exit.o
 .debug_macro   0x0001000d      0x151 ./system/src/newlib/sbrk.o
 .debug_macro   0x0001015e       0x10 ./system/src/newlib/sbrk.o
 .debug_macro   0x0001016e      0x23b ./system/src/newlib/sbrk.o
 .debug_macro   0x000103a9      0x170 ./system/src/newlib/startup.o
 .debug_macro   0x00010519       0x52 ./system/src/newlib/startup.o
 .debug_macro   0x0001056b      0x1ff ./system/src/newlib/syscalls.o
 .debug_macro   0x0001076a       0x1c ./system/src/newlib/syscalls.o
 .debug_macro   0x00010786       0x10 ./system/src/newlib/syscalls.o
 .debug_macro   0x00010796       0x10 ./system/src/newlib/syscalls.o
 .debug_macro   0x000107a6       0x10 ./system/src/newlib/syscalls.o
 .debug_macro   0x000107b6       0x35 ./system/src/newlib/syscalls.o
 .debug_macro   0x000107eb      0x122 ./system/src/newlib/syscalls.o
 .debug_macro   0x0001090d       0x88 ./system/src/newlib/syscalls.o
 .debug_macro   0x00010995       0x2b ./system/src/newlib/syscalls.o
 .debug_macro   0x000109c0      0x118 ./system/src/newlib/syscalls.o
 .debug_macro   0x00010ad8      0x159 ./system/src/newlib/syscalls.o
 .debug_macro   0x00010c31       0x16 ./system/src/newlib/syscalls.o
 .debug_macro   0x00010c47      0x3f7 ./system/src/diag/trace-impl.o
 .debug_macro   0x0001103e       0x10 ./system/src/diag/trace-impl.o
 .debug_macro   0x0001104e      0x307 ./system/src/diag/trace-impl.o
 .debug_macro   0x00011355       0x22 ./system/src/diag/trace-impl.o
 .debug_macro   0x00011377      0x1d9 ./system/src/diag/trace.o
 .debug_macro   0x00011550       0x16 ./system/src/diag/trace.o
 .debug_macro   0x00011566       0x97 ./system/src/diag/trace.o
 .debug_macro   0x000115fd       0xfd ./system/src/diag/trace.o
 .debug_macro   0x000116fa       0x10 ./system/src/diag/trace.o
 .debug_macro   0x0001170a       0x16 ./system/src/diag/trace.o
 .debug_macro   0x00011720      0x18b ./system/src/diag/trace.o
 .debug_macro   0x000118ab       0x4c ./system/src/diag/trace.o
 .debug_macro   0x000118f7       0x16 ./system/src/diag/trace.o
 .debug_macro   0x0001190d      0x43d ./system/src/cortexm/exception-handlers.o
 .debug_macro   0x00011d4a       0x10 ./system/src/cortexm/exception-handlers.o
 .debug_macro   0x00011d5a      0x2cf ./system/src/cortexm/initialize-hardware.o
 .debug_macro   0x00012029      0x2c5 ./system/src/cmsis/system_stm32f0xx.o
 .debug_macro   0x000122ee       0x73 ./system/src/cmsis/vectors_stm32f051x8.o
 .debug_macro   0x00012361      0x3dc ./src/initialize-hardware.o
 .debug_macro   0x0001273d      0x46f ./src/main.o
 .debug_macro   0x00012bac       0xaf ./src/main.o
 .debug_macro   0x00012c5b       0x4e ./src/main.o
 .debug_macro   0x00012ca9      0x2c5 ./src/stm32f0xx_hal_msp.o
